Archive member included to satisfy reference by file (symbol)

C:/ST/STM32CubeIDE_1.17.0/STM32CubeIDE/plugins/com.st.stm32cube.ide.mcu.externaltools.gnu-tools-for-stm32.12.3.rel1.win32_1.1.0.202410251130/tools/bin/../lib/gcc/arm-none-eabi/12.3.1/../../../../arm-none-eabi/lib/thumb/v7e-m+fp/hard\libm.a(libm_a-s_cos.o)
                              ./Core/Src/driver_robot.o (cos)
C:/ST/STM32CubeIDE_1.17.0/STM32CubeIDE/plugins/com.st.stm32cube.ide.mcu.externaltools.gnu-tools-for-stm32.12.3.rel1.win32_1.1.0.202410251130/tools/bin/../lib/gcc/arm-none-eabi/12.3.1/../../../../arm-none-eabi/lib/thumb/v7e-m+fp/hard\libm.a(libm_a-k_cos.o)
                              C:/ST/STM32CubeIDE_1.17.0/STM32CubeIDE/plugins/com.st.stm32cube.ide.mcu.externaltools.gnu-tools-for-stm32.12.3.rel1.win32_1.1.0.202410251130/tools/bin/../lib/gcc/arm-none-eabi/12.3.1/../../../../arm-none-eabi/lib/thumb/v7e-m+fp/hard\libm.a(libm_a-s_cos.o) (__kernel_cos)
C:/ST/STM32CubeIDE_1.17.0/STM32CubeIDE/plugins/com.st.stm32cube.ide.mcu.externaltools.gnu-tools-for-stm32.12.3.rel1.win32_1.1.0.202410251130/tools/bin/../lib/gcc/arm-none-eabi/12.3.1/../../../../arm-none-eabi/lib/thumb/v7e-m+fp/hard\libm.a(libm_a-k_sin.o)
                              C:/ST/STM32CubeIDE_1.17.0/STM32CubeIDE/plugins/com.st.stm32cube.ide.mcu.externaltools.gnu-tools-for-stm32.12.3.rel1.win32_1.1.0.202410251130/tools/bin/../lib/gcc/arm-none-eabi/12.3.1/../../../../arm-none-eabi/lib/thumb/v7e-m+fp/hard\libm.a(libm_a-s_cos.o) (__kernel_sin)
C:/ST/STM32CubeIDE_1.17.0/STM32CubeIDE/plugins/com.st.stm32cube.ide.mcu.externaltools.gnu-tools-for-stm32.12.3.rel1.win32_1.1.0.202410251130/tools/bin/../lib/gcc/arm-none-eabi/12.3.1/../../../../arm-none-eabi/lib/thumb/v7e-m+fp/hard\libm.a(libm_a-e_rem_pio2.o)
                              C:/ST/STM32CubeIDE_1.17.0/STM32CubeIDE/plugins/com.st.stm32cube.ide.mcu.externaltools.gnu-tools-for-stm32.12.3.rel1.win32_1.1.0.202410251130/tools/bin/../lib/gcc/arm-none-eabi/12.3.1/../../../../arm-none-eabi/lib/thumb/v7e-m+fp/hard\libm.a(libm_a-s_cos.o) (__ieee754_rem_pio2)
C:/ST/STM32CubeIDE_1.17.0/STM32CubeIDE/plugins/com.st.stm32cube.ide.mcu.externaltools.gnu-tools-for-stm32.12.3.rel1.win32_1.1.0.202410251130/tools/bin/../lib/gcc/arm-none-eabi/12.3.1/../../../../arm-none-eabi/lib/thumb/v7e-m+fp/hard\libm.a(libm_a-s_fabs.o)
                              C:/ST/STM32CubeIDE_1.17.0/STM32CubeIDE/plugins/com.st.stm32cube.ide.mcu.externaltools.gnu-tools-for-stm32.12.3.rel1.win32_1.1.0.202410251130/tools/bin/../lib/gcc/arm-none-eabi/12.3.1/../../../../arm-none-eabi/lib/thumb/v7e-m+fp/hard\libm.a(libm_a-e_rem_pio2.o) (fabs)
C:/ST/STM32CubeIDE_1.17.0/STM32CubeIDE/plugins/com.st.stm32cube.ide.mcu.externaltools.gnu-tools-for-stm32.12.3.rel1.win32_1.1.0.202410251130/tools/bin/../lib/gcc/arm-none-eabi/12.3.1/../../../../arm-none-eabi/lib/thumb/v7e-m+fp/hard\libm.a(libm_a-k_rem_pio2.o)
                              C:/ST/STM32CubeIDE_1.17.0/STM32CubeIDE/plugins/com.st.stm32cube.ide.mcu.externaltools.gnu-tools-for-stm32.12.3.rel1.win32_1.1.0.202410251130/tools/bin/../lib/gcc/arm-none-eabi/12.3.1/../../../../arm-none-eabi/lib/thumb/v7e-m+fp/hard\libm.a(libm_a-e_rem_pio2.o) (__kernel_rem_pio2)
C:/ST/STM32CubeIDE_1.17.0/STM32CubeIDE/plugins/com.st.stm32cube.ide.mcu.externaltools.gnu-tools-for-stm32.12.3.rel1.win32_1.1.0.202410251130/tools/bin/../lib/gcc/arm-none-eabi/12.3.1/../../../../arm-none-eabi/lib/thumb/v7e-m+fp/hard\libm.a(libm_a-s_scalbn.o)
                              C:/ST/STM32CubeIDE_1.17.0/STM32CubeIDE/plugins/com.st.stm32cube.ide.mcu.externaltools.gnu-tools-for-stm32.12.3.rel1.win32_1.1.0.202410251130/tools/bin/../lib/gcc/arm-none-eabi/12.3.1/../../../../arm-none-eabi/lib/thumb/v7e-m+fp/hard\libm.a(libm_a-k_rem_pio2.o) (scalbn)
C:/ST/STM32CubeIDE_1.17.0/STM32CubeIDE/plugins/com.st.stm32cube.ide.mcu.externaltools.gnu-tools-for-stm32.12.3.rel1.win32_1.1.0.202410251130/tools/bin/../lib/gcc/arm-none-eabi/12.3.1/../../../../arm-none-eabi/lib/thumb/v7e-m+fp/hard\libm.a(libm_a-s_floor.o)
                              C:/ST/STM32CubeIDE_1.17.0/STM32CubeIDE/plugins/com.st.stm32cube.ide.mcu.externaltools.gnu-tools-for-stm32.12.3.rel1.win32_1.1.0.202410251130/tools/bin/../lib/gcc/arm-none-eabi/12.3.1/../../../../arm-none-eabi/lib/thumb/v7e-m+fp/hard\libm.a(libm_a-k_rem_pio2.o) (floor)
C:/ST/STM32CubeIDE_1.17.0/STM32CubeIDE/plugins/com.st.stm32cube.ide.mcu.externaltools.gnu-tools-for-stm32.12.3.rel1.win32_1.1.0.202410251130/tools/bin/../lib/gcc/arm-none-eabi/12.3.1/../../../../arm-none-eabi/lib/thumb/v7e-m+fp/hard\libc_nano.a(libc_a-exit.o)
                              C:/ST/STM32CubeIDE_1.17.0/STM32CubeIDE/plugins/com.st.stm32cube.ide.mcu.externaltools.gnu-tools-for-stm32.12.3.rel1.win32_1.1.0.202410251130/tools/bin/../lib/gcc/arm-none-eabi/12.3.1/../../../../arm-none-eabi/lib/thumb/v7e-m+fp/hard/crt0.o (exit)
[...]
Memory Configuration

Name             Origin             Length             Attributes
CCMRAM           0x10000000         0x00010000         xrw
RAM              0x20000000         0x00020000         xrw
FLASH            0x08000000         0x00100000         xr
*default*        0x00000000         0xffffffff

Linker script and memory map

LOAD C:/ST/STM32CubeIDE_1.17.0/STM32CubeIDE/plugins/com.st.stm32cube.ide.mcu.externaltools.gnu-tools-for-stm32.12.3.rel1.win32_1.1.0.202410251130/tools/bin/../lib/gcc/arm-none-eabi/12.3.1/thumb/v7e-m+fp/hard/crti.o
LOAD C:/ST/STM32CubeIDE_1.17.0/STM32CubeIDE/plugins/com.st.stm32cube.ide.mcu.externaltools.gnu-tools-for-stm32.12.3.rel1.win32_1.1.0.202410251130/tools/bin/../lib/gcc/arm-none-eabi/12.3.1/thumb/v7e-m+fp/hard/crtbegin.o
LOAD C:/ST/STM32CubeIDE_1.17.0/STM32CubeIDE/plugins/com.st.stm32cube.ide.mcu.externaltools.gnu-tools-for-stm32.12.3.rel1.win32_1.1.0.202410251130/tools/bin/../lib/gcc/arm-none-eabi/12.3.1/../../../../arm-none-eabi/lib/thumb/v7e-m+fp/hard/crt0.o
LOAD ./Core/Src/Map_robot.o
LOAD ./Core/Src/Servo.o
LOAD ./Core/Src/Uart.o
LOAD ./Core/Src/driver_robot.o
LOAD ./Core/Src/freertos.o
LOAD ./Core/Src/main.o
LOAD ./Core/Src/stm32f4xx_hal_msp.o
LOAD ./Core/Src/stm32f4xx_hal_timebase_tim.o
LOAD ./Core/Src/stm32f4xx_it.o
LOAD ./Core/Src/syscalls.o
LOAD ./Core/Src/sysmem.o
LOAD ./Core/Src/system_stm32f4xx.o
LOAD ./Core/Startup/startup_stm32f407vgtx.o
LOAD ./Drivers/STM32F4xx_HAL_Driver/Src/stm32f4xx_hal.o
LOAD ./Drivers/STM32F4xx_HAL_Driver/Src/stm32f4xx_hal_cortex.o
LOAD ./Drivers/STM32F4xx_HAL_Driver/Src/stm32f4xx_hal_dma.o
LOAD ./Drivers/STM32F4xx_HAL_Driver/Src/stm32f4xx_hal_dma_ex.o
LOAD ./Drivers/STM32F4xx_HAL_Driver/Src/stm32f4xx_hal_exti.o
LOAD ./Drivers/STM32F4xx_HAL_Driver/Src/stm32f4xx_hal_flash.o
LOAD ./Drivers/STM32F4xx_HAL_Driver/Src/stm32f4xx_hal_flash_ex.o
LOAD ./Drivers/STM32F4xx_HAL_Driver/Src/stm32f4xx_hal_flash_ramfunc.o
LOAD ./Drivers/STM32F4xx_HAL_Driver/Src/stm32f4xx_hal_gpio.o
LOAD ./Drivers/STM32F4xx_HAL_Driver/Src/stm32f4xx_hal_i2c.o
LOAD ./Drivers/STM32F4xx_HAL_Driver/Src/stm32f4xx_hal_i2c_ex.o
LOAD ./Drivers/STM32F4xx_HAL_Driver/Src/stm32f4xx_hal_pwr.o
LOAD ./Drivers/STM32F4xx_HAL_Driver/Src/stm32f4xx_hal_pwr_ex.o
LOAD ./Drivers/STM32F4xx_HAL_Driver/Src/stm32f4xx_hal_rcc.o
LOAD ./Drivers/STM32F4xx_HAL_Driver/Src/stm32f4xx_hal_rcc_ex.o
LOAD ./Drivers/STM32F4xx_HAL_Driver/Src/stm32f4xx_hal_tim.o
LOAD ./Drivers/STM32F4xx_HAL_Driver/Src/stm32f4xx_hal_tim_ex.o
LOAD ./Drivers/STM32F4xx_HAL_Driver/Src/stm32f4xx_hal_uart.o
LOAD ./Middlewares/Third_Party/FreeRTOS/Source/CMSIS_RTOS/cmsis_os.o
LOAD ./Middlewares/Third_Party/FreeRTOS/Source/croutine.o
LOAD ./Middlewares/Third_Party/FreeRTOS/Source/event_groups.o
LOAD ./Middlewares/Third_Party/FreeRTOS/Source/list.o
LOAD ./Middlewares/Third_Party/FreeRTOS/Source/queue.o
LOAD ./Middlewares/Third_Party/FreeRTOS/Source/stream_buffer.o
LOAD ./Middlewares/Third_Party/FreeRTOS/Source/tasks.o
LOAD ./Middlewares/Third_Party/FreeRTOS/Source/timers.o
LOAD ./Middlewares/Third_Party/FreeRTOS/Source/portable/GCC/ARM_CM4F/port.o
LOAD ./Middlewares/Third_Party/FreeRTOS/Source/portable/MemMang/heap_4.o
START GROUP
LOAD C:/ST/STM32CubeIDE_1.17.0/STM32CubeIDE/plugins/com.st.stm32cube.ide.mcu.externaltools.gnu-tools-for-stm32.12.3.rel1.win32_1.1.0.202410251130/tools/bin/../lib/gcc/arm-none-eabi/12.3.1/../../../../arm-none-eabi/lib/thumb/v7e-m+fp/hard\libstdc++_nano.a
LOAD C:/ST/STM32CubeIDE_1.17.0/STM32CubeIDE/plugins/com.st.stm32cube.ide.mcu.externaltools.gnu-tools-for-stm32.12.3.rel1.win32_1.1.0.202410251130/tools/bin/../lib/gcc/arm-none-eabi/12.3.1/../../../../arm-none-eabi/lib/thumb/v7e-m+fp/hard\libsupc++_nano.a
END GROUP
LOAD C:/ST/STM32CubeIDE_1.17.0/STM32CubeIDE/plugins/com.st.stm32cube.ide.mcu.externaltools.gnu-tools-for-stm32.12.3.rel1.win32_1.1.0.202410251130/tools/bin/../lib/gcc/arm-none-eabi/12.3.1/../../../../arm-none-eabi/lib/thumb/v7e-m+fp/hard\libstdc++_nano.a
LOAD C:/ST/STM32CubeIDE_1.17.0/STM32CubeIDE/plugins/com.st.stm32cube.ide.mcu.externaltools.gnu-tools-for-stm32.12.3.rel1.win32_1.1.0.202410251130/tools/bin/../lib/gcc/arm-none-eabi/12.3.1/../../../../arm-none-eabi/lib/thumb/v7e-m+fp/hard\libm.a
LOAD C:/ST/STM32CubeIDE_1.17.0/STM32CubeIDE/plugins/com.st.stm32cube.ide.mcu.externaltools.gnu-tools-for-stm32.12.3.rel1.win32_1.1.0.202410251130/tools/bin/../lib/gcc/arm-none-eabi/12.3.1/../../../../arm-none-eabi/lib/thumb/v7e-m+fp/hard\libc_nano.a
START GROUP
LOAD C:/ST/STM32CubeIDE_1.17.0/STM32CubeIDE/plugins/com.st.stm32cube.ide.mcu.externaltools.gnu-tools-for-stm32.12.3.rel1.win32_1.1.0.202410251130/tools/bin/../lib/gcc/arm-none-eabi/12.3.1/thumb/v7e-m+fp/hard\libgcc.a
LOAD C:/ST/STM32CubeIDE_1.17.0/STM32CubeIDE/plugins/com.st.stm32cube.ide.mcu.externaltools.gnu-tools-for-stm32.12.3.rel1.win32_1.1.0.202410251130/tools/bin/../lib/gcc/arm-none-eabi/12.3.1/../../../../arm-none-eabi/lib/thumb/v7e-m+fp/hard\libc_nano.a
END GROUP
START GROUP
LOAD C:/ST/STM32CubeIDE_1.17.0/STM32CubeIDE/plugins/com.st.stm32cube.ide.mcu.externaltools.gnu-tools-for-stm32.12.3.rel1.win32_1.1.0.202410251130/tools/bin/../lib/gcc/arm-none-eabi/12.3.1/thumb/v7e-m+fp/hard\libgcc.a
LOAD C:/ST/STM32CubeIDE_1.17.0/STM32CubeIDE/plugins/com.st.stm32cube.ide.mcu.externaltools.gnu-tools-for-stm32.12.3.rel1.win32_1.1.0.202410251130/tools/bin/../lib/gcc/arm-none-eabi/12.3.1/../../../../arm-none-eabi/lib/thumb/v7e-m+fp/hard\libc_nano.a
LOAD C:/ST/STM32CubeIDE_1.17.0/STM32CubeIDE/plugins/com.st.stm32cube.ide.mcu.externaltools.gnu-tools-for-stm32.12.3.rel1.win32_1.1.0.202410251130/tools/bin/../lib/gcc/arm-none-eabi/12.3.1/../../../../arm-none-eabi/lib/thumb/v7e-m+fp/hard\libnosys.a
END GROUP
START GROUP
LOAD C:/ST/STM32CubeIDE_1.17.0/STM32CubeIDE/plugins/com.st.stm32cube.ide.mcu.externaltools.gnu-tools-for-stm32.12.3.rel1.win32_1.1.0.202410251130/tools/bin/../lib/gcc/arm-none-eabi/12.3.1/thumb/v7e-m+fp/hard\libgcc.a
LOAD C:/ST/STM32CubeIDE_1.17.0/STM32CubeIDE/plugins/com.st.stm32cube.ide.mcu.externaltools.gnu-tools-for-stm32.12.3.rel1.win32_1.1.0.202410251130/tools/bin/../lib/gcc/arm-none-eabi/12.3.1/../../../../arm-none-eabi/lib/thumb/v7e-m+fp/hard\libc_nano.a
LOAD C:/ST/STM32CubeIDE_1.17.0/STM32CubeIDE/plugins/com.st.stm32cube.ide.mcu.externaltools.gnu-tools-for-stm32.12.3.rel1.win32_1.1.0.202410251130/tools/bin/../lib/gcc/arm-none-eabi/12.3.1/../../../../arm-none-eabi/lib/thumb/v7e-m+fp/hard\libnosys.a
END GROUP
LOAD C:/ST/STM32CubeIDE_1.17.0/STM32CubeIDE/plugins/com.st.stm32cube.ide.mcu.externaltools.gnu-tools-for-stm32.12.3.rel1.win32_1.1.0.202410251130/tools/bin/../lib/gcc/arm-none-eabi/12.3.1/thumb/v7e-m+fp/hard/crtend.o
LOAD C:/ST/STM32CubeIDE_1.17.0/STM32CubeIDE/plugins/com.st.stm32cube.ide.mcu.externaltools.gnu-tools-for-stm32.12.3.rel1.win32_1.1.0.202410251130/tools/bin/../lib/gcc/arm-none-eabi/12.3.1/thumb/v7e-m+fp/hard/crtn.o
                0x20020000                        _estack = (ORIGIN (RAM) + LENGTH (RAM))
                0x00000200                        _Min_Heap_Size = 0x200
                0x00000400                        _Min_Stack_Size = 0x400

.isr_vector     0x08000000      0x188
                0x08000000                        . = ALIGN (0x4)
 *(.isr_vector)
 .isr_vector    0x08000000      0x188 ./Core/Startup/startup_stm32f407vgtx.o
                0x08000000                g_pfnVectors
                0x08000188                        . = ALIGN (0x4)

.text           0x08000190     0xa324
                0x08000190                        . = ALIGN (0x4)
 *(.text)
 .text          0x08000190       0x40 C:/ST/STM32CubeIDE_1.17.0/STM32CubeIDE/plugins/com.st.stm32cube.ide.mcu.externaltools.gnu-tools-for-stm32.12.3.rel1.win32_1.1.0.202410251130/tools/bin/../lib/gcc/arm-none-eabi/12.3.1/thumb/v7e-m+fp/hard/crtbegin.o
 .text          0x080001d0      0x378 C:/ST/STM32CubeIDE_1.17.0/STM32CubeIDE/plugins/com.st.stm32cube.ide.mcu.externaltools.gnu-tools-for-stm32.12.3.rel1.win32_1.1.0.202410251130/tools/bin/../lib/gcc/arm-none-eabi/12.3.1/thumb/v7e-m+fp/hard\libgcc.a(_arm_addsubdf3.o)
                0x080001d0                __aeabi_drsub
                0x080001d8                __aeabi_dsub
                0x080001d8                __subdf3
                0x080001dc                __aeabi_dadd
                0x080001dc                __adddf3
                0x08000454                __floatunsidf
                0x08000454                __aeabi_ui2d
                0x08000474                __floatsidf
                0x08000474                __aeabi_i2d
                0x08000498                __aeabi_f2d
                0x08000498                __extendsfdf2
                0x080004dc                __floatundidf
                0x080004dc                __aeabi_ul2d
                0x080004ec                __floatdidf
                0x080004ec                __aeabi_l2d
 .text          0x08000548      0x424 C:/ST/STM32CubeIDE_1.17.0/STM32CubeIDE/plugins/com.st.stm32cube.ide.mcu.externaltools.gnu-tools-for-stm32.12.3.rel1.win32_1.1.0.202410251130/tools/bin/../lib/gcc/arm-none-eabi/12.3.1/thumb/v7e-m+fp/hard\libgcc.a(_arm_muldivdf3.o)
                0x08000548                __aeabi_dmul
                0x08000548                __muldf3
                0x0800079c                __divdf3
                0x0800079c                __aeabi_ddiv
 .text          0x0800096c      0x110 C:/ST/STM32CubeIDE_1.17.0/STM32CubeIDE/plugins/com.st.stm32cube.ide.mcu.externaltools.gnu-tools-for-stm32.12.3.rel1.win32_1.1.0.202410251130/tools/bin/../lib/gcc/arm-none-eabi/12.3.1/thumb/v7e-m+fp/hard\libgcc.a(_arm_cmpdf2.o)
                0x0800096c                __gtdf2
                0x0800096c                __gedf2
                0x08000974                __ltdf2
                0x08000974                __ledf2
                0x0800097c                __nedf2
                0x0800097c                __eqdf2
                0x0800097c                __cmpdf2
                0x080009f8                __aeabi_cdrcmple
                0x08000a08                __aeabi_cdcmpeq
                0x08000a08                __aeabi_cdcmple
                0x08000a18                __aeabi_dcmpeq
                0x08000a2c                __aeabi_dcmplt
                0x08000a40                __aeabi_dcmple
                0x08000a54                __aeabi_dcmpge
                0x08000a68                __aeabi_dcmpgt
 .text          0x08000a7c       0x50 C:/ST/STM32CubeIDE_1.17.0/STM32CubeIDE/plugins/com.st.stm32cube.ide.mcu.externaltools.gnu-tools-for-stm32.12.3.rel1.win32_1.1.0.202410251130/tools/bin/../lib/gcc/arm-none-eabi/12.3.1/thumb/v7e-m+fp/hard\libgcc.a(_arm_fixdfsi.o)
                0x08000a7c                __aeabi_d2iz
                0x08000a7c                __fixdfsi
 .text          0x08000acc       0xa0 C:/ST/STM32CubeIDE_1.17.0/STM32CubeIDE/plugins/com.st.stm32cube.ide.mcu.externaltools.gnu-tools-for-stm32.12.3.rel1.win32_1.1.0.202410251130/tools/bin/../lib/gcc/arm-none-eabi/12.3.1/thumb/v7e-m+fp/hard\libgcc.a(_arm_truncdfsf2.o)
                0x08000acc                __truncdfsf2
                0x08000acc                __aeabi_d2f
 .text          0x08000b6c       0x30 C:/ST/STM32CubeIDE_1.17.0/STM32CubeIDE/plugins/com.st.stm32cube.ide.mcu.externaltools.gnu-tools-for-stm32.12.3.rel1.win32_1.1.0.202410251130/tools/bin/../lib/gcc/arm-none-eabi/12.3.1/thumb/v7e-m+fp/hard\libgcc.a(_aeabi_uldivmod.o)
                0x08000b6c                __aeabi_uldivmod
 .text          0x08000b9c      0x2bc C:/ST/STM32CubeIDE_1.17.0/STM32CubeIDE/plugins/com.st.stm32cube.ide.mcu.externaltools.gnu-tools-for-stm32.12.3.rel1.win32_1.1.0.202410251130/tools/bin/../lib/gcc/arm-none-eabi/12.3.1/thumb/v7e-m+fp/hard\libgcc.a(_udivmoddi4.o)
                0x08000b9c                __udivmoddi4
 .text          0x08000e58        0x4 C:/ST/STM32CubeIDE_1.17.0/STM32CubeIDE/plugins/com.st.stm32cube.ide.mcu.externaltools.gnu-tools-for-stm32.12.3.rel1.win32_1.1.0.202410251130/tools/bin/../lib/gcc/arm-none-eabi/12.3.1/thumb/v7e-m+fp/hard\libgcc.a(_dvmd_tls.o)
                0x08000e58                __aeabi_idiv0
                0x08000e58                __aeabi_ldiv0
 *(.text*)
 .text._Z11get_encoderPlS_P17TIM_HandleTypeDefs
                0x08000e5c       0x80 ./Core/Src/Map_robot.o
                0x08000e5c                get_encoder(long*, long*, TIM_HandleTypeDef*, short)
 .text._Z9get_speedPlS_S_P17TIM_HandleTypeDefmh
                0x08000edc       0x9c ./Core/Src/Map_robot.o
                0x08000edc                get_speed(long*, long*, long*, TIM_HandleTypeDef*, unsigned long, unsigned char)
 .text._Z9pid_speedPlS_fff
                0x08000f78      0x1b8 ./Core/Src/Map_robot.o
                0x08000f78                pid_speed(long*, long*, float, float, float)
 .text._Z7compassv
                0x08001130       0x98 ./Core/Src/Uart.o
                0x08001130                compass()
 .text.HAL_UART_RxCpltCallback
                0x080011c8       0xf4 ./Core/Src/Uart.o
                0x080011c8                HAL_UART_RxCpltCallback
 .text.HAL_UART_TxCpltCallback
                0x080012bc       0x70 ./Core/Src/Uart.o
                0x080012bc                HAL_UART_TxCpltCallback
 *fill*         0x0800132c        0x4 
 .text._Z5uart2v
                0x08001330       0xb0 ./Core/Src/Uart.o
                0x08001330                uart2()
 .text._ZN5Motor9goForwardEm
                0x080013e0       0x78 ./Core/Src/driver_robot.o
                0x080013e0                Motor::goForward(unsigned long)
 .text._ZN5Motor9goReverseEm
                0x08001458       0x78 ./Core/Src/driver_robot.o
                0x08001458                Motor::goReverse(unsigned long)
 .text._Z10constrainssss
                0x080014d0       0x46 ./Core/Src/driver_robot.o
                0x080014d0                constrains(short, short, short)
 .text._Z10soft_speedPsPmsmh
                0x08001516       0xb8 ./Core/Src/driver_robot.o
                0x08001516                soft_speed(short*, unsigned long*, short, unsigned long, unsigned char)
 *fill*         0x080015ce        0x2 
 .text._Z9get_angles
                0x080015d0       0x70 ./Core/Src/driver_robot.o
                0x080015d0                get_angle(short)
 .text._Z10PID_rotatess
                0x08001640       0xf4 ./Core/Src/driver_robot.o
                0x08001640                PID_rotate(short, short)
 .text._Z6run_dchs
                0x08001734       0x64 ./Core/Src/driver_robot.o
                0x08001734                run_dc(unsigned char, short)
 .text._Z14move_directionssssmh
                0x08001798      0x364 ./Core/Src/driver_robot.o
                0x08001798                move_direction(short, short, short, short, unsigned long, unsigned char)
 .text._Z14ps3_pid_doublel
                0x08001afc       0x78 ./Core/Src/driver_robot.o
                0x08001afc                ps3_pid_double(long)
 .text.vApplicationGetIdleTaskMemory
                0x08001b74       0x34 ./Core/Src/freertos.o
                0x08001b74                vApplicationGetIdleTaskMemory
 .text._ZSt3absl
                0x08001ba8       0x1c ./Core/Src/main.o
                0x08001ba8                std::abs(long)
 .text._ZN5MotorC2EP17TIM_HandleTypeDefmP12GPIO_TypeDeftS3_ts
                0x08001bc4       0x82 ./Core/Src/main.o
                0x08001bc4                Motor::Motor(TIM_HandleTypeDef*, unsigned long, GPIO_TypeDef*, unsigned short, GPIO_TypeDef*, unsigned short, short)
                0x08001bc4                Motor::Motor(TIM_HandleTypeDef*, unsigned long, GPIO_TypeDef*, unsigned short, GPIO_TypeDef*, unsigned short, short)
 *fill*         0x08001c46        0x2 
 .text.main     0x08001c48      0x1d8 ./Core/Src/main.o
                0x08001c48                main
 .text._Z11StartTask01PKv
                0x08001e20      0x130 ./Core/Src/main.o
                0x08001e20                StartTask01(void const*)
 .text._Z11StartTask02PKv
                0x08001f50      0x254 ./Core/Src/main.o
                0x08001f50                StartTask02(void const*)
 .text._Z18SystemClock_Configv
                0x080021a4       0xe8 ./Core/Src/main.o
                0x080021a4                SystemClock_Config()
 .text._ZL12MX_I2C1_Initv
                0x0800228c       0x68 ./Core/Src/main.o
 .text._ZL12MX_TIM1_Initv
                0x080022f4       0xc4 ./Core/Src/main.o
 .text._ZL12MX_TIM2_Initv
                0x080023b8       0xbc ./Core/Src/main.o
 .text._ZL12MX_TIM3_Initv
                0x08002474       0xbc ./Core/Src/main.o
 .text._ZL12MX_TIM4_Initv
                0x08002530       0xbc ./Core/Src/main.o
 .text._ZL12MX_TIM5_Initv
                0x080025ec      0x180 ./Core/Src/main.o
 .text._ZL12MX_TIM8_Initv
                0x0800276c      0x194 ./Core/Src/main.o
 .text._ZL12MX_TIM9_Initv
                0x08002900      0x10c ./Core/Src/main.o
 .text._ZL13MX_UART4_Initv
                0x08002a0c       0x5c ./Core/Src/main.o
 .text._ZL19MX_USART1_UART_Initv
                0x08002a68       0x5c ./Core/Src/main.o
 .text._ZL19MX_USART2_UART_Initv
                0x08002ac4       0x5c ./Core/Src/main.o
 .text._ZL19MX_USART3_UART_Initv
                0x08002b20       0x5c ./Core/Src/main.o
 .text._ZL12MX_GPIO_Initv
                0x08002b7c      0x128 ./Core/Src/main.o
 .text.HAL_TIM_PeriodElapsedCallback
                0x08002ca4       0x24 ./Core/Src/main.o
                0x08002ca4                HAL_TIM_PeriodElapsedCallback
 .text.Error_Handler
                0x08002cc8        0xc ./Core/Src/main.o
                0x08002cc8                Error_Handler
 .text._Z41__static_initialization_and_destruction_0ii
                0x08002cd4       0xc4 ./Core/Src/main.o
 .text._GLOBAL__sub_I_hi2c1
                0x08002d98       0x10 ./Core/Src/main.o
 .text.HAL_MspInit
                0x08002da8       0x58 ./Core/Src/stm32f4xx_hal_msp.o
                0x08002da8                HAL_MspInit
 .text.HAL_I2C_MspInit
                0x08002e00       0x90 ./Core/Src/stm32f4xx_hal_msp.o
                0x08002e00                HAL_I2C_MspInit
 .text.HAL_TIM_Encoder_MspInit
                0x08002e90      0x210 ./Core/Src/stm32f4xx_hal_msp.o
                0x08002e90                HAL_TIM_Encoder_MspInit
 .text.HAL_TIM_Base_MspInit
                0x080030a0       0x70 ./Core/Src/stm32f4xx_hal_msp.o
                0x080030a0                HAL_TIM_Base_MspInit
 .text.HAL_TIM_PWM_MspInit
                0x08003110       0x44 ./Core/Src/stm32f4xx_hal_msp.o
                0x08003110                HAL_TIM_PWM_MspInit
 .text.HAL_TIM_MspPostInit
                0x08003154      0x114 ./Core/Src/stm32f4xx_hal_msp.o
                0x08003154                HAL_TIM_MspPostInit
 .text.HAL_UART_MspInit
                0x08003268      0x218 ./Core/Src/stm32f4xx_hal_msp.o
                0x08003268                HAL_UART_MspInit
 .text.HAL_InitTick
                0x08003480       0xf8 ./Core/Src/stm32f4xx_hal_timebase_tim.o
                0x08003480                HAL_InitTick
 .text.NMI_Handler
                0x08003578        0x8 ./Core/Src/stm32f4xx_it.o
                0x08003578                NMI_Handler
 .text.HardFault_Handler
                0x08003580        0x8 ./Core/Src/stm32f4xx_it.o
                0x08003580                HardFault_Handler
 .text.MemManage_Handler
                0x08003588        0x8 ./Core/Src/stm32f4xx_it.o
                0x08003588                MemManage_Handler
 .text.BusFault_Handler
                0x08003590        0x8 ./Core/Src/stm32f4xx_it.o
                0x08003590                BusFault_Handler
 .text.UsageFault_Handler
                0x08003598        0x8 ./Core/Src/stm32f4xx_it.o
                0x08003598                UsageFault_Handler
 .text.DebugMon_Handler
                0x080035a0        0xe ./Core/Src/stm32f4xx_it.o
                0x080035a0                DebugMon_Handler
 *fill*         0x080035ae        0x2 
 .text.USART1_IRQHandler
                0x080035b0       0x14 ./Core/Src/stm32f4xx_it.o
                0x080035b0                USART1_IRQHandler
 .text.USART2_IRQHandler
                0x080035c4       0x14 ./Core/Src/stm32f4xx_it.o
                0x080035c4                USART2_IRQHandler
 .text.USART3_IRQHandler
                0x080035d8       0x14 ./Core/Src/stm32f4xx_it.o
                0x080035d8                USART3_IRQHandler
 .text.UART4_IRQHandler
                0x080035ec       0x14 ./Core/Src/stm32f4xx_it.o
                0x080035ec                UART4_IRQHandler
 .text.TIM6_DAC_IRQHandler
                0x08003600       0x14 ./Core/Src/stm32f4xx_it.o
                0x08003600                TIM6_DAC_IRQHandler
 .text.SystemInit
                0x08003614       0x24 ./Core/Src/system_stm32f4xx.o
                0x08003614                SystemInit
 .text.Reset_Handler
                0x08003638       0x50 ./Core/Startup/startup_stm32f407vgtx.o
                0x08003638                Reset_Handler
 .text.Default_Handler
                0x08003688        0x2 ./Core/Startup/startup_stm32f407vgtx.o
                0x08003688                RTC_Alarm_IRQHandler
                0x08003688                HASH_RNG_IRQHandler
                0x08003688                EXTI2_IRQHandler
                0x08003688                TIM8_CC_IRQHandler
                0x08003688                TIM1_CC_IRQHandler
                0x08003688                DMA2_Stream5_IRQHandler
                0x08003688                DMA1_Stream5_IRQHandler
                0x08003688                PVD_IRQHandler
                0x08003688                SDIO_IRQHandler
                0x08003688                TAMP_STAMP_IRQHandler
                0x08003688                CAN2_RX1_IRQHandler
                0x08003688                EXTI3_IRQHandler
                0x08003688                TIM8_TRG_COM_TIM14_IRQHandler
                0x08003688                TIM1_UP_TIM10_IRQHandler
                0x08003688                TIM8_UP_TIM13_IRQHandler
                0x08003688                I2C3_ER_IRQHandler
                0x08003688                EXTI0_IRQHandler
                0x08003688                I2C2_EV_IRQHandler
                0x08003688                DMA1_Stream2_IRQHandler
                0x08003688                CAN1_RX0_IRQHandler
                0x08003688                FPU_IRQHandler
                0x08003688                OTG_HS_WKUP_IRQHandler
                0x08003688                CAN2_SCE_IRQHandler
                0x08003688                DMA2_Stream2_IRQHandler
                0x08003688                SPI1_IRQHandler
                0x08003688                TIM1_BRK_TIM9_IRQHandler
                0x08003688                DCMI_IRQHandler
                0x08003688                CAN2_RX0_IRQHandler
                0x08003688                DMA2_Stream3_IRQHandler
                0x08003688                USART6_IRQHandler
                0x08003688                CAN1_RX1_IRQHandler
                0x08003688                UART5_IRQHandler
                0x08003688                DMA2_Stream0_IRQHandler
                0x08003688                TIM4_IRQHandler
                0x08003688                I2C1_EV_IRQHandler
                0x08003688                DMA1_Stream6_IRQHandler
                0x08003688                DMA1_Stream1_IRQHandler
                0x08003688                TIM3_IRQHandler
                0x08003688                RCC_IRQHandler
                0x08003688                TIM8_BRK_TIM12_IRQHandler
                0x08003688                Default_Handler
                0x08003688                EXTI15_10_IRQHandler
                0x08003688                ADC_IRQHandler
                0x08003688                DMA1_Stream7_IRQHandler
                0x08003688                TIM7_IRQHandler
                0x08003688                CAN2_TX_IRQHandler
                0x08003688                TIM5_IRQHandler
                0x08003688                DMA2_Stream7_IRQHandler
                0x08003688                I2C3_EV_IRQHandler
                0x08003688                EXTI9_5_IRQHandler
                0x08003688                RTC_WKUP_IRQHandler
                0x08003688                ETH_WKUP_IRQHandler
                0x08003688                SPI2_IRQHandler
                0x08003688                OTG_HS_EP1_IN_IRQHandler
                0x08003688                DMA1_Stream0_IRQHandler
                0x08003688                CAN1_TX_IRQHandler
                0x08003688                EXTI4_IRQHandler
                0x08003688                FSMC_IRQHandler
                0x08003688                ETH_IRQHandler
                0x08003688                OTG_HS_EP1_OUT_IRQHandler
                0x08003688                WWDG_IRQHandler
                0x08003688                TIM2_IRQHandler
                0x08003688                OTG_FS_WKUP_IRQHandler
                0x08003688                TIM1_TRG_COM_TIM11_IRQHandler
                0x08003688                OTG_HS_IRQHandler
                0x08003688                EXTI1_IRQHandler
                0x08003688                I2C2_ER_IRQHandler
                0x08003688                DMA2_Stream1_IRQHandler
                0x08003688                CAN1_SCE_IRQHandler
                0x08003688                FLASH_IRQHandler
                0x08003688                DMA2_Stream4_IRQHandler
                0x08003688                OTG_FS_IRQHandler
                0x08003688                SPI3_IRQHandler
                0x08003688                DMA1_Stream4_IRQHandler
                0x08003688                I2C1_ER_IRQHandler
                0x08003688                DMA2_Stream6_IRQHandler
                0x08003688                DMA1_Stream3_IRQHandler
 *fill*         0x0800368a        0x2 
 .text.HAL_Init
                0x0800368c       0x44 ./Drivers/STM32F4xx_HAL_Driver/Src/stm32f4xx_hal.o
                0x0800368c                HAL_Init
 .text.HAL_IncTick
                0x080036d0       0x28 ./Drivers/STM32F4xx_HAL_Driver/Src/stm32f4xx_hal.o
                0x080036d0                HAL_IncTick
 .text.HAL_GetTick
                0x080036f8       0x18 ./Drivers/STM32F4xx_HAL_Driver/Src/stm32f4xx_hal.o
                0x080036f8                HAL_GetTick
 .text.__NVIC_SetPriorityGrouping
                0x08003710       0x48 ./Drivers/STM32F4xx_HAL_Driver/Src/stm32f4xx_hal_cortex.o
 .text.__NVIC_GetPriorityGrouping
                0x08003758       0x1c ./Drivers/STM32F4xx_HAL_Driver/Src/stm32f4xx_hal_cortex.o
 .text.__NVIC_EnableIRQ
                0x08003774       0x3c ./Drivers/STM32F4xx_HAL_Driver/Src/stm32f4xx_hal_cortex.o
 .text.__NVIC_SetPriority
                0x080037b0       0x54 ./Drivers/STM32F4xx_HAL_Driver/Src/stm32f4xx_hal_cortex.o
 .text.NVIC_EncodePriority
                0x08003804       0x66 ./Drivers/STM32F4xx_HAL_Driver/Src/stm32f4xx_hal_cortex.o
 .text.HAL_NVIC_SetPriorityGrouping
                0x0800386a       0x16 ./Drivers/STM32F4xx_HAL_Driver/Src/stm32f4xx_hal_cortex.o
                0x0800386a                HAL_NVIC_SetPriorityGrouping
 .text.HAL_NVIC_SetPriority
                0x08003880       0x38 ./Drivers/STM32F4xx_HAL_Driver/Src/stm32f4xx_hal_cortex.o
                0x08003880                HAL_NVIC_SetPriority
 .text.HAL_NVIC_EnableIRQ
                0x080038b8       0x1c ./Drivers/STM32F4xx_HAL_Driver/Src/stm32f4xx_hal_cortex.o
                0x080038b8                HAL_NVIC_EnableIRQ
 .text.HAL_DMA_Abort
                0x080038d4       0xe0 ./Drivers/STM32F4xx_HAL_Driver/Src/stm32f4xx_hal_dma.o
                0x080038d4                HAL_DMA_Abort
 .text.HAL_DMA_Abort_IT
                0x080039b4       0x44 ./Drivers/STM32F4xx_HAL_Driver/Src/stm32f4xx_hal_dma.o
                0x080039b4                HAL_DMA_Abort_IT
 .text.HAL_GPIO_Init
                0x080039f8      0x338 ./Drivers/STM32F4xx_HAL_Driver/Src/stm32f4xx_hal_gpio.o
                0x080039f8                HAL_GPIO_Init
 .text.HAL_GPIO_WritePin
                0x08003d30       0x32 ./Drivers/STM32F4xx_HAL_Driver/Src/stm32f4xx_hal_gpio.o
                0x08003d30                HAL_GPIO_WritePin
 *fill*         0x08003d62        0x2 
 .text.HAL_I2C_Init
                0x08003d64      0x288 ./Drivers/STM32F4xx_HAL_Driver/Src/stm32f4xx_hal_i2c.o
                0x08003d64                HAL_I2C_Init
 .text.HAL_RCC_OscConfig
                0x08003fec      0x4f0 ./Drivers/STM32F4xx_HAL_Driver/Src/stm32f4xx_hal_rcc.o
                0x08003fec                HAL_RCC_OscConfig
 .text.HAL_RCC_ClockConfig
                0x080044dc      0x1cc ./Drivers/STM32F4xx_HAL_Driver/Src/stm32f4xx_hal_rcc.o
                0x080044dc                HAL_RCC_ClockConfig
 .text.HAL_RCC_GetSysClockFreq
                0x080046a8      0x18c ./Drivers/STM32F4xx_HAL_Driver/Src/stm32f4xx_hal_rcc.o
                0x080046a8                HAL_RCC_GetSysClockFreq
 .text.HAL_RCC_GetHCLKFreq
                0x08004834       0x18 ./Drivers/STM32F4xx_HAL_Driver/Src/stm32f4xx_hal_rcc.o
                0x08004834                HAL_RCC_GetHCLKFreq
 .text.HAL_RCC_GetPCLK1Freq
                0x0800484c       0x28 ./Drivers/STM32F4xx_HAL_Driver/Src/stm32f4xx_hal_rcc.o
                0x0800484c                HAL_RCC_GetPCLK1Freq
 .text.HAL_RCC_GetPCLK2Freq
                0x08004874       0x28 ./Drivers/STM32F4xx_HAL_Driver/Src/stm32f4xx_hal_rcc.o
                0x08004874                HAL_RCC_GetPCLK2Freq
 .text.HAL_RCC_GetClockConfig
                0x0800489c       0x64 ./Drivers/STM32F4xx_HAL_Driver/Src/stm32f4xx_hal_rcc.o
                0x0800489c                HAL_RCC_GetClockConfig
 .text.HAL_TIM_Base_Init
                0x08004900       0x9e ./Drivers/STM32F4xx_HAL_Driver/Src/stm32f4xx_hal_tim.o
                0x08004900                HAL_TIM_Base_Init
 *fill*         0x0800499e        0x2 
 .text.HAL_TIM_Base_Start_IT
                0x080049a0       0xe0 ./Drivers/STM32F4xx_HAL_Driver/Src/stm32f4xx_hal_tim.o
                0x080049a0                HAL_TIM_Base_Start_IT
 .text.HAL_TIM_PWM_Init
                0x08004a80       0x9e ./Drivers/STM32F4xx_HAL_Driver/Src/stm32f4xx_hal_tim.o
                0x08004a80                HAL_TIM_PWM_Init
 *fill*         0x08004b1e        0x2 
 .text.HAL_TIM_PWM_Start
                0x08004b20      0x190 ./Drivers/STM32F4xx_HAL_Driver/Src/stm32f4xx_hal_tim.o
                0x08004b20                HAL_TIM_PWM_Start
 .text.HAL_TIM_Encoder_Init
                0x08004cb0      0x14c ./Drivers/STM32F4xx_HAL_Driver/Src/stm32f4xx_hal_tim.o
                0x08004cb0                HAL_TIM_Encoder_Init
 .text.HAL_TIM_Encoder_Start_IT
                0x08004dfc      0x15c ./Drivers/STM32F4xx_HAL_Driver/Src/stm32f4xx_hal_tim.o
                0x08004dfc                HAL_TIM_Encoder_Start_IT
 .text.HAL_TIM_IRQHandler
                0x08004f58      0x1e0 ./Drivers/STM32F4xx_HAL_Driver/Src/stm32f4xx_hal_tim.o
                0x08004f58                HAL_TIM_IRQHandler
 .text.HAL_TIM_PWM_ConfigChannel
                0x08005138      0x184 ./Drivers/STM32F4xx_HAL_Driver/Src/stm32f4xx_hal_tim.o
                0x08005138                HAL_TIM_PWM_ConfigChannel
 .text.HAL_TIM_ConfigClockSource
                0x080052bc      0x18e ./Drivers/STM32F4xx_HAL_Driver/Src/stm32f4xx_hal_tim.o
                0x080052bc                HAL_TIM_ConfigClockSource
 .text.HAL_TIM_OC_DelayElapsedCallback
                0x0800544a       0x14 ./Drivers/STM32F4xx_HAL_Driver/Src/stm32f4xx_hal_tim.o
                0x0800544a                HAL_TIM_OC_DelayElapsedCallback
 .text.HAL_TIM_IC_CaptureCallback
                0x0800545e       0x14 ./Drivers/STM32F4xx_HAL_Driver/Src/stm32f4xx_hal_tim.o
                0x0800545e                HAL_TIM_IC_CaptureCallback
 .text.HAL_TIM_PWM_PulseFinishedCallback
                0x08005472       0x14 ./Drivers/STM32F4xx_HAL_Driver/Src/stm32f4xx_hal_tim.o
                0x08005472                HAL_TIM_PWM_PulseFinishedCallback
 .text.HAL_TIM_TriggerCallback
                0x08005486       0x14 ./Drivers/STM32F4xx_HAL_Driver/Src/stm32f4xx_hal_tim.o
                0x08005486                HAL_TIM_TriggerCallback
 *fill*         0x0800549a        0x2 
 .text.TIM_Base_SetConfig
                0x0800549c      0x158 ./Drivers/STM32F4xx_HAL_Driver/Src/stm32f4xx_hal_tim.o
                0x0800549c                TIM_Base_SetConfig
 .text.TIM_OC1_SetConfig
                0x080055f4       0xe0 ./Drivers/STM32F4xx_HAL_Driver/Src/stm32f4xx_hal_tim.o
 .text.TIM_OC2_SetConfig
                0x080056d4       0xec ./Drivers/STM32F4xx_HAL_Driver/Src/stm32f4xx_hal_tim.o
                0x080056d4                TIM_OC2_SetConfig
 .text.TIM_OC3_SetConfig
                0x080057c0       0xe8 ./Drivers/STM32F4xx_HAL_Driver/Src/stm32f4xx_hal_tim.o
 .text.TIM_OC4_SetConfig
                0x080058a8       0xac ./Drivers/STM32F4xx_HAL_Driver/Src/stm32f4xx_hal_tim.o
 .text.TIM_TI1_ConfigInputStage
                0x08005954       0x5e ./Drivers/STM32F4xx_HAL_Driver/Src/stm32f4xx_hal_tim.o
 .text.TIM_TI2_ConfigInputStage
                0x080059b2       0x60 ./Drivers/STM32F4xx_HAL_Driver/Src/stm32f4xx_hal_tim.o
 .text.TIM_ITRx_SetConfig
                0x08005a12       0x36 ./Drivers/STM32F4xx_HAL_Driver/Src/stm32f4xx_hal_tim.o
 .text.TIM_ETR_SetConfig
                0x08005a48       0x40 ./Drivers/STM32F4xx_HAL_Driver/Src/stm32f4xx_hal_tim.o
                0x08005a48                TIM_ETR_SetConfig
 .text.TIM_CCxChannelCmd
                0x08005a88       0x4a ./Drivers/STM32F4xx_HAL_Driver/Src/stm32f4xx_hal_tim.o
                0x08005a88                TIM_CCxChannelCmd
 *fill*         0x08005ad2        0x2 
 .text.HAL_TIMEx_MasterConfigSynchronization
                0x08005ad4       0xf8 ./Drivers/STM32F4xx_HAL_Driver/Src/stm32f4xx_hal_tim_ex.o
                0x08005ad4                HAL_TIMEx_MasterConfigSynchronization
 .text.HAL_TIMEx_ConfigBreakDeadTime
                0x08005bcc       0xa4 ./Drivers/STM32F4xx_HAL_Driver/Src/stm32f4xx_hal_tim_ex.o
                0x08005bcc                HAL_TIMEx_ConfigBreakDeadTime
 .text.HAL_TIMEx_CommutCallback
                0x08005c70       0x14 ./Drivers/STM32F4xx_HAL_Driver/Src/stm32f4xx_hal_tim_ex.o
                0x08005c70                HAL_TIMEx_CommutCallback
 .text.HAL_TIMEx_BreakCallback
                0x08005c84       0x14 ./Drivers/STM32F4xx_HAL_Driver/Src/stm32f4xx_hal_tim_ex.o
                0x08005c84                HAL_TIMEx_BreakCallback
 .text.HAL_UART_Init
                0x08005c98       0xa0 ./Drivers/STM32F4xx_HAL_Driver/Src/stm32f4xx_hal_uart.o
                0x08005c98                HAL_UART_Init
 .text.HAL_UART_Transmit_IT
                0x08005d38       0x6c ./Drivers/STM32F4xx_HAL_Driver/Src/stm32f4xx_hal_uart.o
                0x08005d38                HAL_UART_Transmit_IT
 .text.HAL_UART_Receive_IT
                0x08005da4       0x4a ./Drivers/STM32F4xx_HAL_Driver/Src/stm32f4xx_hal_uart.o
                0x08005da4                HAL_UART_Receive_IT
 *fill*         0x08005dee        0x2 
 .text.HAL_UART_IRQHandler
                0x08005df0      0x524 ./Drivers/STM32F4xx_HAL_Driver/Src/stm32f4xx_hal_uart.o
                0x08005df0                HAL_UART_IRQHandler
 .text.HAL_UART_ErrorCallback
                0x08006314       0x14 ./Drivers/STM32F4xx_HAL_Driver/Src/stm32f4xx_hal_uart.o
                0x08006314                HAL_UART_ErrorCallback
 .text.HAL_UARTEx_RxEventCallback
                0x08006328       0x18 ./Drivers/STM32F4xx_HAL_Driver/Src/stm32f4xx_hal_uart.o
                0x08006328                HAL_UARTEx_RxEventCallback
 .text.UART_Start_Receive_IT
                0x08006340       0x74 ./Drivers/STM32F4xx_HAL_Driver/Src/stm32f4xx_hal_uart.o
                0x08006340                UART_Start_Receive_IT
 .text.UART_EndRxTransfer
                0x080063b4       0xc6 ./Drivers/STM32F4xx_HAL_Driver/Src/stm32f4xx_hal_uart.o
 .text.UART_DMAAbortOnError
                0x0800647a       0x28 ./Drivers/STM32F4xx_HAL_Driver/Src/stm32f4xx_hal_uart.o
 .text.UART_Transmit_IT
                0x080064a2       0xa0 ./Drivers/STM32F4xx_HAL_Driver/Src/stm32f4xx_hal_uart.o
 .text.UART_EndTransmit_IT
                0x08006542       0x30 ./Drivers/STM32F4xx_HAL_Driver/Src/stm32f4xx_hal_uart.o
 .text.UART_Receive_IT
                0x08006572      0x17c ./Drivers/STM32F4xx_HAL_Driver/Src/stm32f4xx_hal_uart.o
 *fill*         0x080066ee        0x2 
 .text.UART_SetConfig
                0x080066f0      0x4e8 ./Drivers/STM32F4xx_HAL_Driver/Src/stm32f4xx_hal_uart.o
 .text.makeFreeRtosPriority
                0x08006bd8       0x30 ./Middlewares/Third_Party/FreeRTOS/Source/CMSIS_RTOS/cmsis_os.o
 .text.inHandlerMode
                0x08006c08       0x24 ./Middlewares/Third_Party/FreeRTOS/Source/CMSIS_RTOS/cmsis_os.o
 .text.osKernelStart
                0x08006c2c        0xe ./Middlewares/Third_Party/FreeRTOS/Source/CMSIS_RTOS/cmsis_os.o
                0x08006c2c                osKernelStart
 .text.osThreadCreate
                0x08006c3a       0x98 ./Middlewares/Third_Party/FreeRTOS/Source/CMSIS_RTOS/cmsis_os.o
                0x08006c3a                osThreadCreate
 .text.osDelay  0x08006cd2       0x28 ./Middlewares/Third_Party/FreeRTOS/Source/CMSIS_RTOS/cmsis_os.o
                0x08006cd2                osDelay
 .text.osMutexCreate
                0x08006cfa       0x30 ./Middlewares/Third_Party/FreeRTOS/Source/CMSIS_RTOS/cmsis_os.o
                0x08006cfa                osMutexCreate
 *fill*         0x08006d2a        0x2 
 .text.osMutexWait
                0x08006d2c       0x9c ./Middlewares/Third_Party/FreeRTOS/Source/CMSIS_RTOS/cmsis_os.o
                0x08006d2c                osMutexWait
 .text.osMutexRelease
                0x08006dc8       0x6c ./Middlewares/Third_Party/FreeRTOS/Source/CMSIS_RTOS/cmsis_os.o
                0x08006dc8                osMutexRelease
 .text.vListInitialise
                0x08006e34       0x40 ./Middlewares/Third_Party/FreeRTOS/Source/list.o
                0x08006e34                vListInitialise
 .text.vListInitialiseItem
                0x08006e74       0x1a ./Middlewares/Third_Party/FreeRTOS/Source/list.o
                0x08006e74                vListInitialiseItem
 .text.vListInsertEnd
                0x08006e8e       0x48 ./Middlewares/Third_Party/FreeRTOS/Source/list.o
                0x08006e8e                vListInsertEnd
 .text.vListInsert
                0x08006ed6       0x72 ./Middlewares/Third_Party/FreeRTOS/Source/list.o
                0x08006ed6                vListInsert
 .text.uxListRemove
                0x08006f48       0x54 ./Middlewares/Third_Party/FreeRTOS/Source/list.o
                0x08006f48                uxListRemove
 .text.xQueueGenericReset
                0x08006f9c       0xd4 ./Middlewares/Third_Party/FreeRTOS/Source/queue.o
                0x08006f9c                xQueueGenericReset
 .text.xQueueGenericCreateStatic
                0x08007070       0xfa ./Middlewares/Third_Party/FreeRTOS/Source/queue.o
                0x08007070                xQueueGenericCreateStatic
 .text.xQueueGenericCreate
                0x0800716a       0x76 ./Middlewares/Third_Party/FreeRTOS/Source/queue.o
                0x0800716a                xQueueGenericCreate
 .text.prvInitialiseNewQueue
                0x080071e0       0x3e ./Middlewares/Third_Party/FreeRTOS/Source/queue.o
 .text.prvInitialiseMutex
                0x0800721e       0x34 ./Middlewares/Third_Party/FreeRTOS/Source/queue.o
 .text.xQueueCreateMutex
                0x08007252       0x30 ./Middlewares/Third_Party/FreeRTOS/Source/queue.o
                0x08007252                xQueueCreateMutex
 .text.xQueueCreateMutexStatic
                0x08007282       0x36 ./Middlewares/Third_Party/FreeRTOS/Source/queue.o
                0x08007282                xQueueCreateMutexStatic
 .text.xQueueGenericSend
                0x080072b8      0x204 ./Middlewares/Third_Party/FreeRTOS/Source/queue.o
                0x080072b8                xQueueGenericSend
 .text.xQueueGiveFromISR
                0x080074bc      0x120 ./Middlewares/Third_Party/FreeRTOS/Source/queue.o
                0x080074bc                xQueueGiveFromISR
 .text.xQueueSemaphoreTake
                0x080075dc      0x220 ./Middlewares/Third_Party/FreeRTOS/Source/queue.o
                0x080075dc                xQueueSemaphoreTake
 .text.xQueueReceiveFromISR
                0x080077fc      0x104 ./Middlewares/Third_Party/FreeRTOS/Source/queue.o
                0x080077fc                xQueueReceiveFromISR
 .text.prvGetDisinheritPriorityAfterTimeout
                0x08007900       0x30 ./Middlewares/Third_Party/FreeRTOS/Source/queue.o
 .text.prvCopyDataToQueue
                0x08007930       0xd4 ./Middlewares/Third_Party/FreeRTOS/Source/queue.o
 .text.prvCopyDataFromQueue
                0x08007a04       0x4c ./Middlewares/Third_Party/FreeRTOS/Source/queue.o
 .text.prvUnlockQueue
                0x08007a50       0xa4 ./Middlewares/Third_Party/FreeRTOS/Source/queue.o
 .text.prvIsQueueEmpty
                0x08007af4       0x2c ./Middlewares/Third_Party/FreeRTOS/Source/queue.o
 .text.prvIsQueueFull
                0x08007b20       0x30 ./Middlewares/Third_Party/FreeRTOS/Source/queue.o
 .text.xTaskCreateStatic
                0x08007b50       0xc0 ./Middlewares/Third_Party/FreeRTOS/Source/tasks.o
                0x08007b50                xTaskCreateStatic
 .text.xTaskCreate
                0x08007c10       0x8a ./Middlewares/Third_Party/FreeRTOS/Source/tasks.o
                0x08007c10                xTaskCreate
 .text.prvInitialiseNewTask
                0x08007c9a      0x110 ./Middlewares/Third_Party/FreeRTOS/Source/tasks.o
 *fill*         0x08007daa        0x2 
 .text.prvAddNewTaskToReadyList
                0x08007dac       0xd4 ./Middlewares/Third_Party/FreeRTOS/Source/tasks.o
 .text.vTaskDelay
                0x08007e80       0x6c ./Middlewares/Third_Party/FreeRTOS/Source/tasks.o
                0x08007e80                vTaskDelay
 .text.vTaskStartScheduler
                0x08007eec       0xc4 ./Middlewares/Third_Party/FreeRTOS/Source/tasks.o
                0x08007eec                vTaskStartScheduler
 .text.vTaskSuspendAll
                0x08007fb0       0x1c ./Middlewares/Third_Party/FreeRTOS/Source/tasks.o
                0x08007fb0                vTaskSuspendAll
 .text.xTaskResumeAll
                0x08007fcc      0x13c ./Middlewares/Third_Party/FreeRTOS/Source/tasks.o
                0x08007fcc                xTaskResumeAll
 .text.xTaskIncrementTick
                0x08008108      0x174 ./Middlewares/Third_Party/FreeRTOS/Source/tasks.o
                0x08008108                xTaskIncrementTick
 .text.vTaskSwitchContext
                0x0800827c       0xb8 ./Middlewares/Third_Party/FreeRTOS/Source/tasks.o
                0x0800827c                vTaskSwitchContext
 .text.vTaskPlaceOnEventList
                0x08008334       0x4c ./Middlewares/Third_Party/FreeRTOS/Source/tasks.o
                0x08008334                vTaskPlaceOnEventList
 .text.xTaskRemoveFromEventList
                0x08008380       0xc8 ./Middlewares/Third_Party/FreeRTOS/Source/tasks.o
                0x08008380                xTaskRemoveFromEventList
 .text.vTaskInternalSetTimeOutState
                0x08008448       0x2c ./Middlewares/Third_Party/FreeRTOS/Source/tasks.o
                0x08008448                vTaskInternalSetTimeOutState
 .text.xTaskCheckForTimeOut
                0x08008474       0xc8 ./Middlewares/Third_Party/FreeRTOS/Source/tasks.o
                0x08008474                xTaskCheckForTimeOut
 .text.vTaskMissedYield
                0x0800853c       0x18 ./Middlewares/Third_Party/FreeRTOS/Source/tasks.o
                0x0800853c                vTaskMissedYield
 .text.prvIdleTask
                0x08008554       0x30 ./Middlewares/Third_Party/FreeRTOS/Source/tasks.o
 .text.prvInitialiseTaskLists
                0x08008584       0x80 ./Middlewares/Third_Party/FreeRTOS/Source/tasks.o
 .text.prvCheckTasksWaitingTermination
                0x08008604       0x5c ./Middlewares/Third_Party/FreeRTOS/Source/tasks.o
 .text.prvDeleteTCB
                0x08008660       0x60 ./Middlewares/Third_Party/FreeRTOS/Source/tasks.o
 .text.prvResetNextTaskUnblockTime
                0x080086c0       0x40 ./Middlewares/Third_Party/FreeRTOS/Source/tasks.o
 .text.xTaskGetSchedulerState
                0x08008700       0x3c ./Middlewares/Third_Party/FreeRTOS/Source/tasks.o
                0x08008700                xTaskGetSchedulerState
 .text.xTaskPriorityInherit
                0x0800873c       0xec ./Middlewares/Third_Party/FreeRTOS/Source/tasks.o
                0x0800873c                xTaskPriorityInherit
 .text.xTaskPriorityDisinherit
                0x08008828      0x110 ./Middlewares/Third_Party/FreeRTOS/Source/tasks.o
                0x08008828                xTaskPriorityDisinherit
 .text.vTaskPriorityDisinheritAfterTimeout
                0x08008938      0x120 ./Middlewares/Third_Party/FreeRTOS/Source/tasks.o
                0x08008938                vTaskPriorityDisinheritAfterTimeout
 .text.pvTaskIncrementMutexHeldCount
                0x08008a58       0x28 ./Middlewares/Third_Party/FreeRTOS/Source/tasks.o
                0x08008a58                pvTaskIncrementMutexHeldCount
 .text.prvAddCurrentTaskToDelayedList
                0x08008a80       0xcc ./Middlewares/Third_Party/FreeRTOS/Source/tasks.o
 .text.pxPortInitialiseStack
                0x08008b4c       0x68 ./Middlewares/Third_Party/FreeRTOS/Source/portable/GCC/ARM_CM4F/port.o
                0x08008b4c                pxPortInitialiseStack
 .text.prvTaskExitError
                0x08008bb4       0x5c ./Middlewares/Third_Party/FreeRTOS/Source/portable/GCC/ARM_CM4F/port.o
 .text.SVC_Handler
                0x08008c10       0x28 ./Middlewares/Third_Party/FreeRTOS/Source/portable/GCC/ARM_CM4F/port.o
                0x08008c10                SVC_Handler
 .text.prvPortStartFirstTask
                0x08008c38       0x28 ./Middlewares/Third_Party/FreeRTOS/Source/portable/GCC/ARM_CM4F/port.o
 .text.xPortStartScheduler
                0x08008c60      0x148 ./Middlewares/Third_Party/FreeRTOS/Source/portable/GCC/ARM_CM4F/port.o
                0x08008c60                xPortStartScheduler
 .text.vPortEnterCritical
                0x08008da8       0x64 ./Middlewares/Third_Party/FreeRTOS/Source/portable/GCC/ARM_CM4F/port.o
                0x08008da8                vPortEnterCritical
 .text.vPortExitCritical
                0x08008e0c       0x54 ./Middlewares/Third_Party/FreeRTOS/Source/portable/GCC/ARM_CM4F/port.o
                0x08008e0c                vPortExitCritical
 .text.PendSV_Handler
                0x08008e60       0x68 ./Middlewares/Third_Party/FreeRTOS/Source/portable/GCC/ARM_CM4F/port.o
                0x08008e60                PendSV_Handler
 .text.SysTick_Handler
                0x08008ec8       0x44 ./Middlewares/Third_Party/FreeRTOS/Source/portable/GCC/ARM_CM4F/port.o
                0x08008ec8                SysTick_Handler
 .text.vPortSetupTimerInterrupt
                0x08008f0c       0x48 ./Middlewares/Third_Party/FreeRTOS/Source/portable/GCC/ARM_CM4F/port.o
                0x08008f0c                vPortSetupTimerInterrupt
 .text.vPortEnableVFP
                0x08008f54       0x14 ./Middlewares/Third_Party/FreeRTOS/Source/portable/GCC/ARM_CM4F/port.o
 .text.vPortValidateInterruptPriority
                0x08008f68       0x84 ./Middlewares/Third_Party/FreeRTOS/Source/portable/GCC/ARM_CM4F/port.o
                0x08008f68                vPortValidateInterruptPriority
 .text.pvPortMalloc
                0x08008fec      0x19c ./Middlewares/Third_Party/FreeRTOS/Source/portable/MemMang/heap_4.o
                0x08008fec                pvPortMalloc
 .text.vPortFree
                0x08009188       0xc8 ./Middlewares/Third_Party/FreeRTOS/Source/portable/MemMang/heap_4.o
                0x08009188                vPortFree
 .text.prvHeapInit
                0x08009250       0xc4 ./Middlewares/Third_Party/FreeRTOS/Source/portable/MemMang/heap_4.o
 .text.prvInsertBlockIntoFreeList
                0x08009314       0xb4 ./Middlewares/Third_Party/FreeRTOS/Source/portable/MemMang/heap_4.o
 .text.cos      0x080093c8       0xa8 C:/ST/STM32CubeIDE_1.17.0/STM32CubeIDE/plugins/com.st.stm32cube.ide.mcu.externaltools.gnu-tools-for-stm32.12.3.rel1.win32_1.1.0.202410251130/tools/bin/../lib/gcc/arm-none-eabi/12.3.1/../../../../arm-none-eabi/lib/thumb/v7e-m+fp/hard\libm.a(libm_a-s_cos.o)
                0x080093c8                cos
 .text.__kernel_cos
                0x08009470      0x18c C:/ST/STM32CubeIDE_1.17.0/STM32CubeIDE/plugins/com.st.stm32cube.ide.mcu.externaltools.gnu-tools-for-stm32.12.3.rel1.win32_1.1.0.202410251130/tools/bin/../lib/gcc/arm-none-eabi/12.3.1/../../../../arm-none-eabi/lib/thumb/v7e-m+fp/hard\libm.a(libm_a-k_cos.o)
                0x08009470                __kernel_cos
 *fill*         0x080095fc        0x4 
 .text.__kernel_sin
                0x08009600      0x174 C:/ST/STM32CubeIDE_1.17.0/STM32CubeIDE/plugins/com.st.stm32cube.ide.mcu.externaltools.gnu-tools-for-stm32.12.3.rel1.win32_1.1.0.202410251130/tools/bin/../lib/gcc/arm-none-eabi/12.3.1/../../../../arm-none-eabi/lib/thumb/v7e-m+fp/hard\libm.a(libm_a-k_sin.o)
                0x08009600                __kernel_sin
 *fill*         0x08009774        0x4 
 .text.__ieee754_rem_pio2
                0x08009778      0x3f8 C:/ST/STM32CubeIDE_1.17.0/STM32CubeIDE/plugins/com.st.stm32cube.ide.mcu.externaltools.gnu-tools-for-stm32.12.3.rel1.win32_1.1.0.202410251130/tools/bin/../lib/gcc/arm-none-eabi/12.3.1/../../../../arm-none-eabi/lib/thumb/v7e-m+fp/hard\libm.a(libm_a-e_rem_pio2.o)
                0x08009778                __ieee754_rem_pio2
 .text.fabs     0x08009b70       0x10 C:/ST/STM32CubeIDE_1.17.0/STM32CubeIDE/plugins/com.st.stm32cube.ide.mcu.externaltools.gnu-tools-for-stm32.12.3.rel1.win32_1.1.0.202410251130/tools/bin/../lib/gcc/arm-none-eabi/12.3.1/../../../../arm-none-eabi/lib/thumb/v7e-m+fp/hard\libm.a(libm_a-s_fabs.o)
                0x08009b70                fabs
 .text.__kernel_rem_pio2
                0x08009b80      0x6b0 C:/ST/STM32CubeIDE_1.17.0/STM32CubeIDE/plugins/com.st.stm32cube.ide.mcu.externaltools.gnu-tools-for-stm32.12.3.rel1.win32_1.1.0.202410251130/tools/bin/../lib/gcc/arm-none-eabi/12.3.1/../../../../arm-none-eabi/lib/thumb/v7e-m+fp/hard\libm.a(libm_a-k_rem_pio2.o)
                0x08009b80                __kernel_rem_pio2
 .text.scalbn   0x0800a230       0xfc C:/ST/STM32CubeIDE_1.17.0/STM32CubeIDE/plugins/com.st.stm32cube.ide.mcu.externaltools.gnu-tools-for-stm32.12.3.rel1.win32_1.1.0.202410251130/tools/bin/../lib/gcc/arm-none-eabi/12.3.1/../../../../arm-none-eabi/lib/thumb/v7e-m+fp/hard\libm.a(libm_a-s_scalbn.o)
                0x0800a230                scalbn
 *fill*         0x0800a32c        0x4 
 .text.floor    0x0800a330       0xf8 C:/ST/STM32CubeIDE_1.17.0/STM32CubeIDE/plugins/com.st.stm32cube.ide.mcu.externaltools.gnu-tools-for-stm32.12.3.rel1.win32_1.1.0.202410251130/tools/bin/../lib/gcc/arm-none-eabi/12.3.1/../../../../arm-none-eabi/lib/thumb/v7e-m+fp/hard\libm.a(libm_a-s_floor.o)
                0x0800a330                floor
 .text.memset   0x0800a428       0x10 C:/ST/STM32CubeIDE_1.17.0/STM32CubeIDE/plugins/com.st.stm32cube.ide.mcu.externaltools.gnu-tools-for-stm32.12.3.rel1.win32_1.1.0.202410251130/tools/bin/../lib/gcc/arm-none-eabi/12.3.1/../../../../arm-none-eabi/lib/thumb/v7e-m+fp/hard\libc_nano.a(libc_a-memset.o)
                0x0800a428                memset
 .text.__libc_init_array
                0x0800a438       0x48 C:/ST/STM32CubeIDE_1.17.0/STM32CubeIDE/plugins/com.st.stm32cube.ide.mcu.externaltools.gnu-tools-for-stm32.12.3.rel1.win32_1.1.0.202410251130/tools/bin/../lib/gcc/arm-none-eabi/12.3.1/../../../../arm-none-eabi/lib/thumb/v7e-m+fp/hard\libc_nano.a(libc_a-init.o)
                0x0800a438                __libc_init_array
 .text.memcpy   0x0800a480       0x1c C:/ST/STM32CubeIDE_1.17.0/STM32CubeIDE/plugins/com.st.stm32cube.ide.mcu.externaltools.gnu-tools-for-stm32.12.3.rel1.win32_1.1.0.202410251130/tools/bin/../lib/gcc/arm-none-eabi/12.3.1/../../../../arm-none-eabi/lib/thumb/v7e-m+fp/hard\libc_nano.a(libc_a-memcpy-stub.o)
                0x0800a480                memcpy
 *(.glue_7)
 .glue_7        0x0800a49c        0x0 linker stubs
 *(.glue_7t)
 .glue_7t       0x0800a49c        0x0 linker stubs
 *(.eh_frame)
 .eh_frame      0x0800a49c        0x0 C:/ST/STM32CubeIDE_1.17.0/STM32CubeIDE/plugins/com.st.stm32cube.ide.mcu.externaltools.gnu-tools-for-stm32.12.3.rel1.win32_1.1.0.202410251130/tools/bin/../lib/gcc/arm-none-eabi/12.3.1/thumb/v7e-m+fp/hard/crtbegin.o
 *(.init)
 .init          0x0800a49c        0x4 C:/ST/STM32CubeIDE_1.17.0/STM32CubeIDE/plugins/com.st.stm32cube.ide.mcu.externaltools.gnu-tools-for-stm32.12.3.rel1.win32_1.1.0.202410251130/tools/bin/../lib/gcc/arm-none-eabi/12.3.1/thumb/v7e-m+fp/hard/crti.o
                0x0800a49c                _init
 .init          0x0800a4a0        0x8 C:/ST/STM32CubeIDE_1.17.0/STM32CubeIDE/plugins/com.st.stm32cube.ide.mcu.externaltools.gnu-tools-for-stm32.12.3.rel1.win32_1.1.0.202410251130/tools/bin/../lib/gcc/arm-none-eabi/12.3.1/thumb/v7e-m+fp/hard/crtn.o
 *(.fini)
 .fini          0x0800a4a8        0x4 C:/ST/STM32CubeIDE_1.17.0/STM32CubeIDE/plugins/com.st.stm32cube.ide.mcu.externaltools.gnu-tools-for-stm32.12.3.rel1.win32_1.1.0.202410251130/tools/bin/../lib/gcc/arm-none-eabi/12.3.1/thumb/v7e-m+fp/hard/crti.o
                0x0800a4a8                _fini
 .fini          0x0800a4ac        0x8 C:/ST/STM32CubeIDE_1.17.0/STM32CubeIDE/plugins/com.st.stm32cube.ide.mcu.externaltools.gnu-tools-for-stm32.12.3.rel1.win32_1.1.0.202410251130/tools/bin/../lib/gcc/arm-none-eabi/12.3.1/thumb/v7e-m+fp/hard/crtn.o
                0x0800a4b4                        . = ALIGN (0x4)
                0x0800a4b4                        _etext = .

.vfp11_veneer   0x0800a4b4        0x0
 .vfp11_veneer  0x0800a4b4        0x0 linker stubs

.v4_bx          0x0800a4b4        0x0
 .v4_bx         0x0800a4b4        0x0 linker stubs

.iplt           0x0800a4b4        0x0
 .iplt          0x0800a4b4        0x0 C:/ST/STM32CubeIDE_1.17.0/STM32CubeIDE/plugins/com.st.stm32cube.ide.mcu.externaltools.gnu-tools-for-stm32.12.3.rel1.win32_1.1.0.202410251130/tools/bin/../lib/gcc/arm-none-eabi/12.3.1/thumb/v7e-m+fp/hard/crtbegin.o

.rodata         0x0800a4b8      0x240
                0x0800a4b8                        . = ALIGN (0x4)
 *(.rodata)
 .rodata        0x0800a4b8       0x48 ./Core/Src/main.o
 .rodata        0x0800a500        0x5 ./Middlewares/Third_Party/FreeRTOS/Source/tasks.o
 *(.rodata*)
 *fill*         0x0800a505        0x3 
 .rodata.AHBPrescTable
                0x0800a508       0x10 ./Core/Src/system_stm32f4xx.o
                0x0800a508                AHBPrescTable
 .rodata.APBPrescTable
                0x0800a518        0x8 ./Core/Src/system_stm32f4xx.o
                0x0800a518                APBPrescTable
 .rodata.npio2_hw
                0x0800a520       0x80 C:/ST/STM32CubeIDE_1.17.0/STM32CubeIDE/plugins/com.st.stm32cube.ide.mcu.externaltools.gnu-tools-for-stm32.12.3.rel1.win32_1.1.0.202410251130/tools/bin/../lib/gcc/arm-none-eabi/12.3.1/../../../../arm-none-eabi/lib/thumb/v7e-m+fp/hard\libm.a(libm_a-e_rem_pio2.o)
 .rodata.two_over_pi
                0x0800a5a0      0x108 C:/ST/STM32CubeIDE_1.17.0/STM32CubeIDE/plugins/com.st.stm32cube.ide.mcu.externaltools.gnu-tools-for-stm32.12.3.rel1.win32_1.1.0.202410251130/tools/bin/../lib/gcc/arm-none-eabi/12.3.1/../../../../arm-none-eabi/lib/thumb/v7e-m+fp/hard\libm.a(libm_a-e_rem_pio2.o)
 .rodata.PIo2   0x0800a6a8       0x40 C:/ST/STM32CubeIDE_1.17.0/STM32CubeIDE/plugins/com.st.stm32cube.ide.mcu.externaltools.gnu-tools-for-stm32.12.3.rel1.win32_1.1.0.202410251130/tools/bin/../lib/gcc/arm-none-eabi/12.3.1/../../../../arm-none-eabi/lib/thumb/v7e-m+fp/hard\libm.a(libm_a-k_rem_pio2.o)
 .rodata.init_jk
                0x0800a6e8       0x10 C:/ST/STM32CubeIDE_1.17.0/STM32CubeIDE/plugins/com.st.stm32cube.ide.mcu.externaltools.gnu-tools-for-stm32.12.3.rel1.win32_1.1.0.202410251130/tools/bin/../lib/gcc/arm-none-eabi/12.3.1/../../../../arm-none-eabi/lib/thumb/v7e-m+fp/hard\libm.a(libm_a-k_rem_pio2.o)
                0x0800a6f8                        . = ALIGN (0x4)

.ARM.extab      0x0800a6f8        0x0
                0x0800a6f8                        . = ALIGN (0x4)
 *(.ARM.extab* .gnu.linkonce.armextab.*)
                0x0800a6f8                        . = ALIGN (0x4)

.ARM            0x0800a6f8        0x8
                0x0800a6f8                        . = ALIGN (0x4)
                0x0800a6f8                        __exidx_start = .
 *(.ARM.exidx*)
 .ARM.exidx     0x0800a6f8        0x8 C:/ST/STM32CubeIDE_1.17.0/STM32CubeIDE/plugins/com.st.stm32cube.ide.mcu.externaltools.gnu-tools-for-stm32.12.3.rel1.win32_1.1.0.202410251130/tools/bin/../lib/gcc/arm-none-eabi/12.3.1/thumb/v7e-m+fp/hard\libgcc.a(_udivmoddi4.o)
                0x0800a700                        __exidx_end = .
                0x0800a700                        . = ALIGN (0x4)

.preinit_array  0x0800a700        0x0
                0x0800a700                        . = ALIGN (0x4)
                0x0800a700                        PROVIDE (__preinit_array_start = .)
 *(.preinit_array*)
                0x0800a700                        PROVIDE (__preinit_array_end = .)
                0x0800a700                        . = ALIGN (0x4)

.init_array     0x0800a700        0x8
                0x0800a700                        . = ALIGN (0x4)
                0x0800a700                        PROVIDE (__init_array_start = .)
 *(SORT_BY_NAME(.init_array.*))
 *(.init_array*)
 .init_array    0x0800a700        0x4 C:/ST/STM32CubeIDE_1.17.0/STM32CubeIDE/plugins/com.st.stm32cube.ide.mcu.externaltools.gnu-tools-for-stm32.12.3.rel1.win32_1.1.0.202410251130/tools/bin/../lib/gcc/arm-none-eabi/12.3.1/thumb/v7e-m+fp/hard/crtbegin.o
 .init_array    0x0800a704        0x4 ./Core/Src/main.o
                0x0800a708                        PROVIDE (__init_array_end = .)
                0x0800a708                        . = ALIGN (0x4)

.fini_array     0x0800a708        0x4
                0x0800a708                        . = ALIGN (0x4)
                [!provide]                        PROVIDE (__fini_array_start = .)
 *(SORT_BY_NAME(.fini_array.*))
 *(.fini_array*)
 .fini_array    0x0800a708        0x4 C:/ST/STM32CubeIDE_1.17.0/STM32CubeIDE/plugins/com.st.stm32cube.ide.mcu.externaltools.gnu-tools-for-stm32.12.3.rel1.win32_1.1.0.202410251130/tools/bin/../lib/gcc/arm-none-eabi/12.3.1/thumb/v7e-m+fp/hard/crtbegin.o
                [!provide]                        PROVIDE (__fini_array_end = .)
                0x0800a70c                        . = ALIGN (0x4)
                0x0800a70c                        _sidata = LOADADDR (.data)

.rel.dyn        0x0800a70c        0x0
 .rel.iplt      0x0800a70c        0x0 C:/ST/STM32CubeIDE_1.17.0/STM32CubeIDE/plugins/com.st.stm32cube.ide.mcu.externaltools.gnu-tools-for-stm32.12.3.rel1.win32_1.1.0.202410251130/tools/bin/../lib/gcc/arm-none-eabi/12.3.1/thumb/v7e-m+fp/hard/crtbegin.o

.data           0x20000000       0x14 load address 0x0800a70c
                0x20000000                        . = ALIGN (0x4)
                0x20000000                        _sdata = .
 *(.data)
 *(.data*)
 .data.status_read
                0x20000000        0x1 ./Core/Src/Uart.o
                0x20000000                status_read
 .data._ZZ11StartTask02PKvE4flag
                0x20000001        0x1 ./Core/Src/main.o
 *fill*         0x20000002        0x2 
 .data.SystemCoreClock
                0x20000004        0x4 ./Core/Src/system_stm32f4xx.o
                0x20000004                SystemCoreClock
 .data.uwTickPrio
                0x20000008        0x4 ./Drivers/STM32F4xx_HAL_Driver/Src/stm32f4xx_hal.o
                0x20000008                uwTickPrio
 .data.uwTickFreq
                0x2000000c        0x1 ./Drivers/STM32F4xx_HAL_Driver/Src/stm32f4xx_hal.o
                0x2000000c                uwTickFreq
 *fill*         0x2000000d        0x3 
 .data.uxCriticalNesting
                0x20000010        0x4 ./Middlewares/Third_Party/FreeRTOS/Source/portable/GCC/ARM_CM4F/port.o
 *(.RamFunc)
 *(.RamFunc*)
                0x20000014                        . = ALIGN (0x4)
                0x20000014                        _edata = .
                0x0800a720                        _siccmram = LOADADDR (.ccmram)

.igot.plt       0x20000014        0x0 load address 0x0800a720
 .igot.plt      0x20000014        0x0 C:/ST/STM32CubeIDE_1.17.0/STM32CubeIDE/plugins/com.st.stm32cube.ide.mcu.externaltools.gnu-tools-for-stm32.12.3.rel1.win32_1.1.0.202410251130/tools/bin/../lib/gcc/arm-none-eabi/12.3.1/thumb/v7e-m+fp/hard/crtbegin.o

.ccmram         0x10000000        0x0 load address 0x0800a720
                0x10000000                        . = ALIGN (0x4)
                0x10000000                        _sccmram = .
 *(.ccmram)
 *(.ccmram*)
                0x10000000                        . = ALIGN (0x4)
                0x10000000                        _eccmram = .
                0x10000000                        . = ALIGN (0x4)

.bss            0x20000014     0x44dc
                0x20000014                        _sbss = .
                0x20000014                        __bss_start__ = _sbss
 *(.bss)
 .bss           0x20000014       0x1c C:/ST/STM32CubeIDE_1.17.0/STM32CubeIDE/plugins/com.st.stm32cube.ide.mcu.externaltools.gnu-tools-for-stm32.12.3.rel1.win32_1.1.0.202410251130/tools/bin/../lib/gcc/arm-none-eabi/12.3.1/thumb/v7e-m+fp/hard/crtbegin.o
 *(.bss*)
 .bss.cnt1      0x20000030        0x4 ./Core/Src/Map_robot.o
                0x20000030                cnt1
 .bss.level_count1
                0x20000034        0x4 ./Core/Src/Map_robot.o
                0x20000034                level_count1
 .bss.speeden1  0x20000038        0x4 ./Core/Src/Map_robot.o
                0x20000038                speeden1
 .bss.cnt2      0x2000003c        0x4 ./Core/Src/Map_robot.o
                0x2000003c                cnt2
 .bss.level_count2
                0x20000040        0x4 ./Core/Src/Map_robot.o
                0x20000040                level_count2
 .bss.speeden2  0x20000044        0x4 ./Core/Src/Map_robot.o
                0x20000044                speeden2
 .bss.target_speed
                0x20000048        0x4 ./Core/Src/Map_robot.o
                0x20000048                target_speed
 .bss.really_speed
                0x2000004c        0x4 ./Core/Src/Map_robot.o
                0x2000004c                really_speed
 .bss._ZZ9get_speedPlS_S_P17TIM_HandleTypeDefmhE9time_last
                0x20000050        0x8 ./Core/Src/Map_robot.o
 .bss.last_error
                0x20000058        0x4 ./Core/Src/Map_robot.o
                0x20000058                last_error
 .bss.integral  0x2000005c        0x4 ./Core/Src/Map_robot.o
                0x2000005c                integral
 .bss.derivative
                0x20000060        0x4 ./Core/Src/Map_robot.o
                0x20000060                derivative
 .bss.last_time
                0x20000064        0x4 ./Core/Src/Map_robot.o
                0x20000064                last_time
 .bss.error     0x20000068        0x4 ./Core/Src/Map_robot.o
                0x20000068                error
 .bss.i_term    0x2000006c        0x4 ./Core/Src/Map_robot.o
                0x2000006c                i_term
 .bss.p_term    0x20000070        0x4 ./Core/Src/Map_robot.o
                0x20000070                p_term
 .bss.d_term    0x20000074        0x4 ./Core/Src/Map_robot.o
                0x20000074                d_term
 .bss.output    0x20000078        0x4 ./Core/Src/Map_robot.o
                0x20000078                output
 .bss.dt        0x2000007c        0x4 ./Core/Src/Map_robot.o
                0x2000007c                dt
 .bss.but_data  0x20000080        0x2 ./Core/Src/Uart.o
                0x20000080                but_data
 *fill*         0x20000082        0x2 
 .bss.trans_data
                0x20000084        0x8 ./Core/Src/Uart.o
                0x20000084                trans_data
 .bss.debuggg   0x2000008c        0x4 ./Core/Src/Uart.o
                0x2000008c                debuggg
 .bss.uart1_stages
                0x20000090        0x1 ./Core/Src/Uart.o
                0x20000090                uart1_stages
 *fill*         0x20000091        0x1 
 .bss.value_compass
                0x20000092        0x2 ./Core/Src/Uart.o
                0x20000092                value_compass
 .bss.delta_value_compass
                0x20000094        0x2 ./Core/Src/Uart.o
                0x20000094                delta_value_compass
 *fill*         0x20000096        0x2 
 .bss.Buffer    0x20000098        0x2 ./Core/Src/Uart.o
                0x20000098                Buffer
 *fill*         0x2000009a        0x2 
 .bss.deduggg2  0x2000009c        0x4 ./Core/Src/Uart.o
                0x2000009c                deduggg2
 .bss._ZZ7compassvE4time
                0x200000a0        0x4 ./Core/Src/Uart.o
 .bss.receivedPacket
                0x200000a4        0x9 ./Core/Src/Uart.o
                0x200000a4                receivedPacket
 *fill*         0x200000ad        0x3 
 .bss.rxBuffer  0x200000b0        0x9 ./Core/Src/Uart.o
                0x200000b0                rxBuffer
 .bss.rxIndex   0x200000b9        0x1 ./Core/Src/Uart.o
                0x200000b9                rxIndex
 .bss.packetReady
                0x200000ba        0x1 ./Core/Src/Uart.o
                0x200000ba                packetReady
 .bss.receivedByte
                0x200000bb        0x1 ./Core/Src/Uart.o
                0x200000bb                receivedByte
 .bss._ZZ5uart2vE4time
                0x200000bc        0x4 ./Core/Src/Uart.o
 .bss.pwm0      0x200000c0        0x4 ./Core/Src/driver_robot.o
                0x200000c0                pwm0
 .bss.pwm1      0x200000c4        0x4 ./Core/Src/driver_robot.o
                0x200000c4                pwm1
 .bss.pwm2      0x200000c8        0x4 ./Core/Src/driver_robot.o
                0x200000c8                pwm2
 .bss.pwm3      0x200000cc        0x4 ./Core/Src/driver_robot.o
                0x200000cc                pwm3
 .bss.debug0    0x200000d0        0x4 ./Core/Src/driver_robot.o
                0x200000d0                debug0
 .bss.debug1    0x200000d4        0x4 ./Core/Src/driver_robot.o
                0x200000d4                debug1
 .bss.debug2    0x200000d8        0x4 ./Core/Src/driver_robot.o
                0x200000d8                debug2
 .bss.debug3    0x200000dc        0x4 ./Core/Src/driver_robot.o
                0x200000dc                debug3
 .bss.real_v_rotate
                0x200000e0        0x4 ./Core/Src/driver_robot.o
                0x200000e0                real_v_rotate
 .bss._ZZ10PID_rotatessE5error
                0x200000e4        0x2 ./Core/Src/driver_robot.o
 .bss._ZZ10PID_rotatessE10last_error
                0x200000e6        0x2 ./Core/Src/driver_robot.o
 .bss._ZZ14move_directionssssmhE3pwm
                0x200000e8        0x8 ./Core/Src/driver_robot.o
 .bss._ZZ14move_directionssssmhE9speed_run
                0x200000f0        0x2 ./Core/Src/driver_robot.o
 *fill*         0x200000f2        0x2 
 .bss._ZZ14move_directionssssmhE15time_soft_speed
                0x200000f4        0x4 ./Core/Src/driver_robot.o
 .bss._ZZ14move_directionssssmhE12speed_rotate
                0x200000f8        0x2 ./Core/Src/driver_robot.o
 .bss._ZZ14ps3_pid_doublelE6ag_rot
                0x200000fa        0x2 ./Core/Src/driver_robot.o
 .bss._ZZ14ps3_pid_doublelE5ag_tt
                0x200000fc        0x2 ./Core/Src/driver_robot.o
 *fill*         0x200000fe        0x2 
 .bss._ZZ14ps3_pid_doublelE10time_delay
                0x20000100        0x4 ./Core/Src/driver_robot.o
 .bss.xIdleTaskTCBBuffer
                0x20000104       0x54 ./Core/Src/freertos.o
 .bss.xIdleStack
                0x20000158      0x200 ./Core/Src/freertos.o
 .bss.hi2c1     0x20000358       0x54 ./Core/Src/main.o
                0x20000358                hi2c1
 .bss.htim1     0x200003ac       0x48 ./Core/Src/main.o
                0x200003ac                htim1
 .bss.htim2     0x200003f4       0x48 ./Core/Src/main.o
                0x200003f4                htim2
 .bss.htim3     0x2000043c       0x48 ./Core/Src/main.o
                0x2000043c                htim3
 .bss.htim4     0x20000484       0x48 ./Core/Src/main.o
                0x20000484                htim4
 .bss.htim5     0x200004cc       0x48 ./Core/Src/main.o
                0x200004cc                htim5
 .bss.htim8     0x20000514       0x48 ./Core/Src/main.o
                0x20000514                htim8
 .bss.htim9     0x2000055c       0x48 ./Core/Src/main.o
                0x2000055c                htim9
 .bss.huart4    0x200005a4       0x48 ./Core/Src/main.o
                0x200005a4                huart4
 .bss.huart1    0x200005ec       0x48 ./Core/Src/main.o
                0x200005ec                huart1
 .bss.huart2    0x20000634       0x48 ./Core/Src/main.o
                0x20000634                huart2
 .bss.huart3    0x2000067c       0x48 ./Core/Src/main.o
                0x2000067c                huart3
 .bss.task01Handle
                0x200006c4        0x4 ./Core/Src/main.o
                0x200006c4                task01Handle
 .bss.pidMutex  0x200006c8        0x4 ./Core/Src/main.o
                0x200006c8                pidMutex
 .bss.DC        0x200006cc       0x70 ./Core/Src/main.o
                0x200006cc                DC
 .bss.angle_goc
                0x2000073c        0x2 ./Core/Src/main.o
                0x2000073c                angle_goc
 *fill*         0x2000073e        0x2 
 .bss.pwm_out   0x20000740        0x4 ./Core/Src/main.o
                0x20000740                pwm_out
 .bss.kp        0x20000744        0x4 ./Core/Src/main.o
                0x20000744                kp
 .bss.ki        0x20000748        0x4 ./Core/Src/main.o
                0x20000748                ki
 .bss.kd        0x2000074c        0x4 ./Core/Src/main.o
                0x2000074c                kd
 .bss.htim6     0x20000750       0x48 ./Core/Src/stm32f4xx_hal_timebase_tim.o
                0x20000750                htim6
 .bss.uwTick    0x20000798        0x4 ./Drivers/STM32F4xx_HAL_Driver/Src/stm32f4xx_hal.o
                0x20000798                uwTick
 .bss.pxCurrentTCB
                0x2000079c        0x4 ./Middlewares/Third_Party/FreeRTOS/Source/tasks.o
                0x2000079c                pxCurrentTCB
 .bss.pxReadyTasksLists
                0x200007a0       0x8c ./Middlewares/Third_Party/FreeRTOS/Source/tasks.o
 .bss.xDelayedTaskList1
                0x2000082c       0x14 ./Middlewares/Third_Party/FreeRTOS/Source/tasks.o
 .bss.xDelayedTaskList2
                0x20000840       0x14 ./Middlewares/Third_Party/FreeRTOS/Source/tasks.o
 .bss.pxDelayedTaskList
                0x20000854        0x4 ./Middlewares/Third_Party/FreeRTOS/Source/tasks.o
 .bss.pxOverflowDelayedTaskList
                0x20000858        0x4 ./Middlewares/Third_Party/FreeRTOS/Source/tasks.o
 .bss.xPendingReadyList
                0x2000085c       0x14 ./Middlewares/Third_Party/FreeRTOS/Source/tasks.o
 .bss.xTasksWaitingTermination
                0x20000870       0x14 ./Middlewares/Third_Party/FreeRTOS/Source/tasks.o
 .bss.uxDeletedTasksWaitingCleanUp
                0x20000884        0x4 ./Middlewares/Third_Party/FreeRTOS/Source/tasks.o
 .bss.xSuspendedTaskList
                0x20000888       0x14 ./Middlewares/Third_Party/FreeRTOS/Source/tasks.o
 .bss.uxCurrentNumberOfTasks
                0x2000089c        0x4 ./Middlewares/Third_Party/FreeRTOS/Source/tasks.o
 .bss.xTickCount
                0x200008a0        0x4 ./Middlewares/Third_Party/FreeRTOS/Source/tasks.o
 .bss.uxTopReadyPriority
                0x200008a4        0x4 ./Middlewares/Third_Party/FreeRTOS/Source/tasks.o
 .bss.xSchedulerRunning
                0x200008a8        0x4 ./Middlewares/Third_Party/FreeRTOS/Source/tasks.o
 .bss.xPendedTicks
                0x200008ac        0x4 ./Middlewares/Third_Party/FreeRTOS/Source/tasks.o
 .bss.xYieldPending
                0x200008b0        0x4 ./Middlewares/Third_Party/FreeRTOS/Source/tasks.o
 .bss.xNumOfOverflows
                0x200008b4        0x4 ./Middlewares/Third_Party/FreeRTOS/Source/tasks.o
 .bss.uxTaskNumber
                0x200008b8        0x4 ./Middlewares/Third_Party/FreeRTOS/Source/tasks.o
 .bss.xNextTaskUnblockTime
                0x200008bc        0x4 ./Middlewares/Third_Party/FreeRTOS/Source/tasks.o
 .bss.xIdleTaskHandle
                0x200008c0        0x4 ./Middlewares/Third_Party/FreeRTOS/Source/tasks.o
 .bss.uxSchedulerSuspended
                0x200008c4        0x4 ./Middlewares/Third_Party/FreeRTOS/Source/tasks.o
 .bss.ucMaxSysCallPriority
                0x200008c8        0x1 ./Middlewares/Third_Party/FreeRTOS/Source/portable/GCC/ARM_CM4F/port.o
 *fill*         0x200008c9        0x3 
 .bss.ulMaxPRIGROUPValue
                0x200008cc        0x4 ./Middlewares/Third_Party/FreeRTOS/Source/portable/GCC/ARM_CM4F/port.o
 .bss.ucHeap    0x200008d0     0x3c00 ./Middlewares/Third_Party/FreeRTOS/Source/portable/MemMang/heap_4.o
 .bss.xStart    0x200044d0        0x8 ./Middlewares/Third_Party/FreeRTOS/Source/portable/MemMang/heap_4.o
 .bss.pxEnd     0x200044d8        0x4 ./Middlewares/Third_Party/FreeRTOS/Source/portable/MemMang/heap_4.o
 .bss.xFreeBytesRemaining
                0x200044dc        0x4 ./Middlewares/Third_Party/FreeRTOS/Source/portable/MemMang/heap_4.o
 .bss.xMinimumEverFreeBytesRemaining
                0x200044e0        0x4 ./Middlewares/Third_Party/FreeRTOS/Source/portable/MemMang/heap_4.o
 .bss.xNumberOfSuccessfulAllocations
                0x200044e4        0x4 ./Middlewares/Third_Party/FreeRTOS/Source/portable/MemMang/heap_4.o
 .bss.xNumberOfSuccessfulFrees
                0x200044e8        0x4 ./Middlewares/Third_Party/FreeRTOS/Source/portable/MemMang/heap_4.o
 .bss.xBlockAllocatedBit
                0x200044ec        0x4 ./Middlewares/Third_Party/FreeRTOS/Source/portable/MemMang/heap_4.o
 *(COMMON)
                0x200044f0                        . = ALIGN (0x4)
                0x200044f0                        _ebss = .
                0x200044f0                        __bss_end__ = _ebss

._user_heap_stack
                0x200044f0      0x600
                0x200044f0                        . = ALIGN (0x8)
                [!provide]                        PROVIDE (end = .)
                0x200044f0                        PROVIDE (_end = .)
                0x200046f0                        . = (. + _Min_Heap_Size)
 *fill*         0x200044f0      0x200 
                0x20004af0                        . = (. + _Min_Stack_Size)
 *fill*         0x200046f0      0x400 
                0x20004af0                        . = ALIGN (0x8)

/DISCARD/
 libc.a(*)
 libm.a(*)
 libgcc.a(*)

.ARM.attributes
                0x00000000       0x30
 *(.ARM.attributes)
 .ARM.attributes
                0x00000000       0x22 C:/ST/STM32CubeIDE_1.17.0/STM32CubeIDE/plugins/com.st.stm32cube.ide.mcu.externaltools.gnu-tools-for-stm32.12.3.rel1.win32_1.1.0.202410251130/tools/bin/../lib/gcc/arm-none-eabi/12.3.1/thumb/v7e-m+fp/hard/crti.o
 .ARM.attributes
                0x00000022       0x34 C:/ST/STM32CubeIDE_1.17.0/STM32CubeIDE/plugins/com.st.stm32cube.ide.mcu.externaltools.gnu-tools-for-stm32.12.3.rel1.win32_1.1.0.202410251130/tools/bin/../lib/gcc/arm-none-eabi/12.3.1/thumb/v7e-m+fp/hard/crtbegin.o
 .ARM.attributes
                0x00000056       0x34 ./Core/Src/Map_robot.o
 .ARM.attributes
                0x0000008a       0x34 ./Core/Src/Uart.o
 .ARM.attributes
                0x000000be       0x34 ./Core/Src/driver_robot.o
 .ARM.attributes
                0x000000f2       0x34 ./Core/Src/freertos.o
 .ARM.attributes
                0x00000126       0x34 ./Core/Src/main.o
 .ARM.attributes
                0x0000015a       0x34 ./Core/Src/stm32f4xx_hal_msp.o
 .ARM.attributes
                0x0000018e       0x34 ./Core/Src/stm32f4xx_hal_timebase_tim.o
 .ARM.attributes
                0x000001c2       0x34 ./Core/Src/stm32f4xx_it.o
 .ARM.attributes
                0x000001f6       0x34 ./Core/Src/system_stm32f4xx.o
 .ARM.attributes
                0x0000022a       0x21 ./Core/Startup/startup_stm32f407vgtx.o
 .ARM.attributes
                0x0000024b       0x34 ./Drivers/STM32F4xx_HAL_Driver/Src/stm32f4xx_hal.o
 .ARM.attributes
                0x0000027f       0x34 ./Drivers/STM32F4xx_HAL_Driver/Src/stm32f4xx_hal_cortex.o
 .ARM.attributes
                0x000002b3       0x34 ./Drivers/STM32F4xx_HAL_Driver/Src/stm32f4xx_hal_dma.o
 .ARM.attributes
                0x000002e7       0x34 ./Drivers/STM32F4xx_HAL_Driver/Src/stm32f4xx_hal_gpio.o
 .ARM.attributes
                0x0000031b       0x34 ./Drivers/STM32F4xx_HAL_Driver/Src/stm32f4xx_hal_i2c.o
 .ARM.attributes
                0x0000034f       0x34 ./Drivers/STM32F4xx_HAL_Driver/Src/stm32f4xx_hal_rcc.o
 .ARM.attributes
                0x00000383       0x34 ./Drivers/STM32F4xx_HAL_Driver/Src/stm32f4xx_hal_tim.o
 .ARM.attributes
                0x000003b7       0x34 ./Drivers/STM32F4xx_HAL_Driver/Src/stm32f4xx_hal_tim_ex.o
 .ARM.attributes
                0x000003eb       0x34 ./Drivers/STM32F4xx_HAL_Driver/Src/stm32f4xx_hal_uart.o
 .ARM.attributes
                0x0000041f       0x34 ./Middlewares/Third_Party/FreeRTOS/Source/CMSIS_RTOS/cmsis_os.o
 .ARM.attributes
                0x00000453       0x34 ./Middlewares/Third_Party/FreeRTOS/Source/list.o
 .ARM.attributes
                0x00000487       0x34 ./Middlewares/Third_Party/FreeRTOS/Source/queue.o
 .ARM.attributes
                0x000004bb       0x34 ./Middlewares/Third_Party/FreeRTOS/Source/tasks.o
 .ARM.attributes
                0x000004ef       0x34 ./Middlewares/Third_Party/FreeRTOS/Source/portable/GCC/ARM_CM4F/port.o
 .ARM.attributes
                0x00000523       0x34 ./Middlewares/Third_Party/FreeRTOS/Source/portable/MemMang/heap_4.o
 .ARM.attributes
                0x00000557       0x34 C:/ST/STM32CubeIDE_1.17.0/STM32CubeIDE/plugins/com.st.stm32cube.ide.mcu.externaltools.gnu-tools-for-stm32.12.3.rel1.win32_1.1.0.202410251130/tools/bin/../lib/gcc/arm-none-eabi/12.3.1/../../../../arm-none-eabi/lib/thumb/v7e-m+fp/hard\libm.a(libm_a-s_cos.o)
 .ARM.attributes
                0x0000058b       0x34 C:/ST/STM32CubeIDE_1.17.0/STM32CubeIDE/plugins/com.st.stm32cube.ide.mcu.externaltools.gnu-tools-for-stm32.12.3.rel1.win32_1.1.0.202410251130/tools/bin/../lib/gcc/arm-none-eabi/12.3.1/../../../../arm-none-eabi/lib/thumb/v7e-m+fp/hard\libm.a(libm_a-k_cos.o)
 .ARM.attributes
                0x000005bf       0x34 C:/ST/STM32CubeIDE_1.17.0/STM32CubeIDE/plugins/com.st.stm32cube.ide.mcu.externaltools.gnu-tools-for-stm32.12.3.rel1.win32_1.1.0.202410251130/tools/bin/../lib/gcc/arm-none-eabi/12.3.1/../../../../arm-none-eabi/lib/thumb/v7e-m+fp/hard\libm.a(libm_a-k_sin.o)
 .ARM.attributes
                0x000005f3       0x34 C:/ST/STM32CubeIDE_1.17.0/STM32CubeIDE/plugins/com.st.stm32cube.ide.mcu.externaltools.gnu-tools-for-stm32.12.3.rel1.win32_1.1.0.202410251130/tools/bin/../lib/gcc/arm-none-eabi/12.3.1/../../../../arm-none-eabi/lib/thumb/v7e-m+fp/hard\libm.a(libm_a-e_rem_pio2.o)
 .ARM.attributes
                0x00000627       0x34 C:/ST/STM32CubeIDE_1.17.0/STM32CubeIDE/plugins/com.st.stm32cube.ide.mcu.externaltools.gnu-tools-for-stm32.12.3.rel1.win32_1.1.0.202410251130/tools/bin/../lib/gcc/arm-none-eabi/12.3.1/../../../../arm-none-eabi/lib/thumb/v7e-m+fp/hard\libm.a(libm_a-s_fabs.o)
 .ARM.attributes
                0x0000065b       0x34 C:/ST/STM32CubeIDE_1.17.0/STM32CubeIDE/plugins/com.st.stm32cube.ide.mcu.externaltools.gnu-tools-for-stm32.12.3.rel1.win32_1.1.0.202410251130/tools/bin/../lib/gcc/arm-none-eabi/12.3.1/../../../../arm-none-eabi/lib/thumb/v7e-m+fp/hard\libm.a(libm_a-k_rem_pio2.o)
 .ARM.attributes
                0x0000068f       0x34 C:/ST/STM32CubeIDE_1.17.0/STM32CubeIDE/plugins/com.st.stm32cube.ide.mcu.externaltools.gnu-tools-for-stm32.12.3.rel1.win32_1.1.0.202410251130/tools/bin/../lib/gcc/arm-none-eabi/12.3.1/../../../../arm-none-eabi/lib/thumb/v7e-m+fp/hard\libm.a(libm_a-s_scalbn.o)
 .ARM.attributes
                0x000006c3       0x34 C:/ST/STM32CubeIDE_1.17.0/STM32CubeIDE/plugins/com.st.stm32cube.ide.mcu.externaltools.gnu-tools-for-stm32.12.3.rel1.win32_1.1.0.202410251130/tools/bin/../lib/gcc/arm-none-eabi/12.3.1/../../../../arm-none-eabi/lib/thumb/v7e-m+fp/hard\libm.a(libm_a-s_floor.o)
 .ARM.attributes
                0x000006f7       0x34 C:/ST/STM32CubeIDE_1.17.0/STM32CubeIDE/plugins/com.st.stm32cube.ide.mcu.externaltools.gnu-tools-for-stm32.12.3.rel1.win32_1.1.0.202410251130/tools/bin/../lib/gcc/arm-none-eabi/12.3.1/../../../../arm-none-eabi/lib/thumb/v7e-m+fp/hard\libc_nano.a(libc_a-memset.o)
 .ARM.attributes
                0x0000072b       0x34 C:/ST/STM32CubeIDE_1.17.0/STM32CubeIDE/plugins/com.st.stm32cube.ide.mcu.externaltools.gnu-tools-for-stm32.12.3.rel1.win32_1.1.0.202410251130/tools/bin/../lib/gcc/arm-none-eabi/12.3.1/../../../../arm-none-eabi/lib/thumb/v7e-m+fp/hard\libc_nano.a(libc_a-init.o)
 .ARM.attributes
                0x0000075f       0x34 C:/ST/STM32CubeIDE_1.17.0/STM32CubeIDE/plugins/com.st.stm32cube.ide.mcu.externaltools.gnu-tools-for-stm32.12.3.rel1.win32_1.1.0.202410251130/tools/bin/../lib/gcc/arm-none-eabi/12.3.1/../../../../arm-none-eabi/lib/thumb/v7e-m+fp/hard\libc_nano.a(libc_a-memcpy-stub.o)
 .ARM.attributes
                0x00000793       0x22 C:/ST/STM32CubeIDE_1.17.0/STM32CubeIDE/plugins/com.st.stm32cube.ide.mcu.externaltools.gnu-tools-for-stm32.12.3.rel1.win32_1.1.0.202410251130/tools/bin/../lib/gcc/arm-none-eabi/12.3.1/thumb/v7e-m+fp/hard\libgcc.a(_arm_addsubdf3.o)
 .ARM.attributes
                0x000007b5       0x22 C:/ST/STM32CubeIDE_1.17.0/STM32CubeIDE/plugins/com.st.stm32cube.ide.mcu.externaltools.gnu-tools-for-stm32.12.3.rel1.win32_1.1.0.202410251130/tools/bin/../lib/gcc/arm-none-eabi/12.3.1/thumb/v7e-m+fp/hard\libgcc.a(_arm_muldivdf3.o)
 .ARM.attributes
                0x000007d7       0x22 C:/ST/STM32CubeIDE_1.17.0/STM32CubeIDE/plugins/com.st.stm32cube.ide.mcu.externaltools.gnu-tools-for-stm32.12.3.rel1.win32_1.1.0.202410251130/tools/bin/../lib/gcc/arm-none-eabi/12.3.1/thumb/v7e-m+fp/hard\libgcc.a(_arm_cmpdf2.o)
 .ARM.attributes
                0x000007f9       0x22 C:/ST/STM32CubeIDE_1.17.0/STM32CubeIDE/plugins/com.st.stm32cube.ide.mcu.externaltools.gnu-tools-for-stm32.12.3.rel1.win32_1.1.0.202410251130/tools/bin/../lib/gcc/arm-none-eabi/12.3.1/thumb/v7e-m+fp/hard\libgcc.a(_arm_fixdfsi.o)
 .ARM.attributes
                0x0000081b       0x22 C:/ST/STM32CubeIDE_1.17.0/STM32CubeIDE/plugins/com.st.stm32cube.ide.mcu.externaltools.gnu-tools-for-stm32.12.3.rel1.win32_1.1.0.202410251130/tools/bin/../lib/gcc/arm-none-eabi/12.3.1/thumb/v7e-m+fp/hard\libgcc.a(_arm_truncdfsf2.o)
 .ARM.attributes
                0x0000083d       0x22 C:/ST/STM32CubeIDE_1.17.0/STM32CubeIDE/plugins/com.st.stm32cube.ide.mcu.externaltools.gnu-tools-for-stm32.12.3.rel1.win32_1.1.0.202410251130/tools/bin/../lib/gcc/arm-none-eabi/12.3.1/thumb/v7e-m+fp/hard\libgcc.a(_aeabi_uldivmod.o)
 .ARM.attributes
                0x0000085f       0x34 C:/ST/STM32CubeIDE_1.17.0/STM32CubeIDE/plugins/com.st.stm32cube.ide.mcu.externaltools.gnu-tools-for-stm32.12.3.rel1.win32_1.1.0.202410251130/tools/bin/../lib/gcc/arm-none-eabi/12.3.1/thumb/v7e-m+fp/hard\libgcc.a(_udivmoddi4.o)
 .ARM.attributes
                0x00000893       0x22 C:/ST/STM32CubeIDE_1.17.0/STM32CubeIDE/plugins/com.st.stm32cube.ide.mcu.externaltools.gnu-tools-for-stm32.12.3.rel1.win32_1.1.0.202410251130/tools/bin/../lib/gcc/arm-none-eabi/12.3.1/thumb/v7e-m+fp/hard\libgcc.a(_dvmd_tls.o)
 .ARM.attributes
                0x000008b5       0x22 C:/ST/STM32CubeIDE_1.17.0/STM32CubeIDE/plugins/com.st.stm32cube.ide.mcu.externaltools.gnu-tools-for-stm32.12.3.rel1.win32_1.1.0.202410251130/tools/bin/../lib/gcc/arm-none-eabi/12.3.1/thumb/v7e-m+fp/hard/crtn.o
OUTPUT(code_F4_update.elf elf32-littlearm)
LOAD linker stubs
LOAD C:/ST/STM32CubeIDE_1.17.0/STM32CubeIDE/plugins/com.st.stm32cube.ide.mcu.externaltools.gnu-tools-for-stm32.12.3.rel1.win32_1.1.0.202410251130/tools/bin/../lib/gcc/arm-none-eabi/12.3.1/../../../../arm-none-eabi/lib/thumb/v7e-m+fp/hard\libc.a
LOAD C:/ST/STM32CubeIDE_1.17.0/STM32CubeIDE/plugins/com.st.stm32cube.ide.mcu.externaltools.gnu-tools-for-stm32.12.3.rel1.win32_1.1.0.202410251130/tools/bin/../lib/gcc/arm-none-eabi/12.3.1/../../../../arm-none-eabi/lib/thumb/v7e-m+fp/hard\libm.a
LOAD C:/ST/STM32CubeIDE_1.17.0/STM32CubeIDE/plugins/com.st.stm32cube.ide.mcu.externaltools.gnu-tools-for-stm32.12.3.rel1.win32_1.1.0.202410251130/tools/bin/../lib/gcc/arm-none-eabi/12.3.1/thumb/v7e-m+fp/hard\libgcc.a

.debug_info     0x00000000    0x1fd7e
 .debug_info    0x00000000     0x22f0 ./Core/Src/Map_robot.o
 .debug_info    0x000022f0     0x241e ./Core/Src/Uart.o
 .debug_info    0x0000470e     0x293c ./Core/Src/driver_robot.o
 .debug_info    0x0000704a      0x279 ./Core/Src/freertos.o
 .debug_info    0x000072c3     0x3d4a ./Core/Src/main.o
 .debug_info    0x0000b00d     0x155b ./Core/Src/stm32f4xx_hal_msp.o
 .debug_info    0x0000c568      0xbee ./Core/Src/stm32f4xx_hal_timebase_tim.o
 .debug_info    0x0000d156      0x9ab ./Core/Src/stm32f4xx_it.o
 .debug_info    0x0000db01      0x512 ./Core/Src/system_stm32f4xx.o
 .debug_info    0x0000e013       0x30 ./Core/Startup/startup_stm32f407vgtx.o
 .debug_info    0x0000e043      0x944 ./Drivers/STM32F4xx_HAL_Driver/Src/stm32f4xx_hal.o
 .debug_info    0x0000e987      0xd8c ./Drivers/STM32F4xx_HAL_Driver/Src/stm32f4xx_hal_cortex.o
 .debug_info    0x0000f713      0x8e7 ./Drivers/STM32F4xx_HAL_Driver/Src/stm32f4xx_hal_dma.o
 .debug_info    0x0000fffa      0x6c3 ./Drivers/STM32F4xx_HAL_Driver/Src/stm32f4xx_hal_gpio.o
 .debug_info    0x000106bd     0x2415 ./Drivers/STM32F4xx_HAL_Driver/Src/stm32f4xx_hal_i2c.o
 .debug_info    0x00012ad2      0x8af ./Drivers/STM32F4xx_HAL_Driver/Src/stm32f4xx_hal_rcc.o
 .debug_info    0x00013381     0x299d ./Drivers/STM32F4xx_HAL_Driver/Src/stm32f4xx_hal_tim.o
 .debug_info    0x00015d1e     0x14db ./Drivers/STM32F4xx_HAL_Driver/Src/stm32f4xx_hal_tim_ex.o
 .debug_info    0x000171f9     0x2f4f ./Drivers/STM32F4xx_HAL_Driver/Src/stm32f4xx_hal_uart.o
 .debug_info    0x0001a148     0x1b60 ./Middlewares/Third_Party/FreeRTOS/Source/CMSIS_RTOS/cmsis_os.o
 .debug_info    0x0001bca8      0x2af ./Middlewares/Third_Party/FreeRTOS/Source/list.o
 .debug_info    0x0001bf57     0x17cd ./Middlewares/Third_Party/FreeRTOS/Source/queue.o
 .debug_info    0x0001d724     0x1ca7 ./Middlewares/Third_Party/FreeRTOS/Source/tasks.o
 .debug_info    0x0001f3cb      0x4de ./Middlewares/Third_Party/FreeRTOS/Source/portable/GCC/ARM_CM4F/port.o
 .debug_info    0x0001f8a9      0x4d5 ./Middlewares/Third_Party/FreeRTOS/Source/portable/MemMang/heap_4.o

.debug_abbrev   0x00000000     0x3ef3
 .debug_abbrev  0x00000000      0x2d8 ./Core/Src/Map_robot.o
 .debug_abbrev  0x000002d8      0x338 ./Core/Src/Uart.o
 .debug_abbrev  0x00000610      0x478 ./Core/Src/driver_robot.o
 .debug_abbrev  0x00000a88       0xd2 ./Core/Src/freertos.o
 .debug_abbrev  0x00000b5a      0x599 ./Core/Src/main.o
 .debug_abbrev  0x000010f3      0x23c ./Core/Src/stm32f4xx_hal_msp.o
 .debug_abbrev  0x0000132f      0x1f4 ./Core/Src/stm32f4xx_hal_timebase_tim.o
 .debug_abbrev  0x00001523      0x189 ./Core/Src/stm32f4xx_it.o
 .debug_abbrev  0x000016ac      0x11a ./Core/Src/system_stm32f4xx.o
 .debug_abbrev  0x000017c6       0x24 ./Core/Startup/startup_stm32f407vgtx.o
 .debug_abbrev  0x000017ea      0x214 ./Drivers/STM32F4xx_HAL_Driver/Src/stm32f4xx_hal.o
 .debug_abbrev  0x000019fe      0x31d ./Drivers/STM32F4xx_HAL_Driver/Src/stm32f4xx_hal_cortex.o
 .debug_abbrev  0x00001d1b      0x264 ./Drivers/STM32F4xx_HAL_Driver/Src/stm32f4xx_hal_dma.o
 .debug_abbrev  0x00001f7f      0x1d4 ./Drivers/STM32F4xx_HAL_Driver/Src/stm32f4xx_hal_gpio.o
 .debug_abbrev  0x00002153      0x2ad ./Drivers/STM32F4xx_HAL_Driver/Src/stm32f4xx_hal_i2c.o
 .debug_abbrev  0x00002400      0x2b7 ./Drivers/STM32F4xx_HAL_Driver/Src/stm32f4xx_hal_rcc.o
 .debug_abbrev  0x000026b7      0x278 ./Drivers/STM32F4xx_HAL_Driver/Src/stm32f4xx_hal_tim.o
 .debug_abbrev  0x0000292f      0x283 ./Drivers/STM32F4xx_HAL_Driver/Src/stm32f4xx_hal_tim_ex.o
 .debug_abbrev  0x00002bb2      0x30e ./Drivers/STM32F4xx_HAL_Driver/Src/stm32f4xx_hal_uart.o
 .debug_abbrev  0x00002ec0      0x3b7 ./Middlewares/Third_Party/FreeRTOS/Source/CMSIS_RTOS/cmsis_os.o
 .debug_abbrev  0x00003277       0xf5 ./Middlewares/Third_Party/FreeRTOS/Source/list.o
 .debug_abbrev  0x0000336c      0x3b5 ./Middlewares/Third_Party/FreeRTOS/Source/queue.o
 .debug_abbrev  0x00003721      0x359 ./Middlewares/Third_Party/FreeRTOS/Source/tasks.o
 .debug_abbrev  0x00003a7a      0x25c ./Middlewares/Third_Party/FreeRTOS/Source/portable/GCC/ARM_CM4F/port.o
 .debug_abbrev  0x00003cd6      0x21d ./Middlewares/Third_Party/FreeRTOS/Source/portable/MemMang/heap_4.o

.debug_aranges  0x00000000     0x16c8
 .debug_aranges
                0x00000000       0x30 ./Core/Src/Map_robot.o
 .debug_aranges
                0x00000030       0x50 ./Core/Src/Uart.o
 .debug_aranges
                0x00000080       0xc8 ./Core/Src/driver_robot.o
 .debug_aranges
                0x00000148       0x20 ./Core/Src/freertos.o
 .debug_aranges
                0x00000168       0xd0 ./Core/Src/main.o
 .debug_aranges
                0x00000238       0x78 ./Core/Src/stm32f4xx_hal_msp.o
 .debug_aranges
                0x000002b0       0x30 ./Core/Src/stm32f4xx_hal_timebase_tim.o
 .debug_aranges
                0x000002e0       0x70 ./Core/Src/stm32f4xx_it.o
 .debug_aranges
                0x00000350       0x28 ./Core/Src/system_stm32f4xx.o
 .debug_aranges
                0x00000378       0x28 ./Core/Startup/startup_stm32f407vgtx.o
 .debug_aranges
                0x000003a0       0xf0 ./Drivers/STM32F4xx_HAL_Driver/Src/stm32f4xx_hal.o
 .debug_aranges
                0x00000490      0x130 ./Drivers/STM32F4xx_HAL_Driver/Src/stm32f4xx_hal_cortex.o
 .debug_aranges
                0x000005c0       0x90 ./Drivers/STM32F4xx_HAL_Driver/Src/stm32f4xx_hal_dma.o
 .debug_aranges
                0x00000650       0x58 ./Drivers/STM32F4xx_HAL_Driver/Src/stm32f4xx_hal_gpio.o
 .debug_aranges
                0x000006a8      0x2a8 ./Drivers/STM32F4xx_HAL_Driver/Src/stm32f4xx_hal_i2c.o
 .debug_aranges
                0x00000950       0x88 ./Drivers/STM32F4xx_HAL_Driver/Src/stm32f4xx_hal_rcc.o
 .debug_aranges
                0x000009d8      0x3d0 ./Drivers/STM32F4xx_HAL_Driver/Src/stm32f4xx_hal_tim.o
 .debug_aranges
                0x00000da8      0x168 ./Drivers/STM32F4xx_HAL_Driver/Src/stm32f4xx_hal_tim_ex.o
 .debug_aranges
                0x00000f10      0x208 ./Drivers/STM32F4xx_HAL_Driver/Src/stm32f4xx_hal_uart.o
 .debug_aranges
                0x00001118      0x1d8 ./Middlewares/Third_Party/FreeRTOS/Source/CMSIS_RTOS/cmsis_os.o
 .debug_aranges
                0x000012f0       0x40 ./Middlewares/Third_Party/FreeRTOS/Source/list.o
 .debug_aranges
                0x00001330      0x108 ./Middlewares/Third_Party/FreeRTOS/Source/queue.o
 .debug_aranges
                0x00001438      0x1b8 ./Middlewares/Third_Party/FreeRTOS/Source/tasks.o
 .debug_aranges
                0x000015f0       0x80 ./Middlewares/Third_Party/FreeRTOS/Source/portable/GCC/ARM_CM4F/port.o
 .debug_aranges
                0x00001670       0x58 ./Middlewares/Third_Party/FreeRTOS/Source/portable/MemMang/heap_4.o

.debug_rnglists
                0x00000000     0x11e1
 .debug_rnglists
                0x00000000       0x22 ./Core/Src/Map_robot.o
 .debug_rnglists
                0x00000022       0x3a ./Core/Src/Uart.o
 .debug_rnglists
                0x0000005c       0x95 ./Core/Src/driver_robot.o
 .debug_rnglists
                0x000000f1       0x13 ./Core/Src/freertos.o
 .debug_rnglists
                0x00000104       0xa5 ./Core/Src/main.o
 .debug_rnglists
                0x000001a9       0x5b ./Core/Src/stm32f4xx_hal_msp.o
 .debug_rnglists
                0x00000204       0x20 ./Core/Src/stm32f4xx_hal_timebase_tim.o
 .debug_rnglists
                0x00000224       0x4f ./Core/Src/stm32f4xx_it.o
 .debug_rnglists
                0x00000273       0x1a ./Core/Src/system_stm32f4xx.o
 .debug_rnglists
                0x0000028d       0x19 ./Core/Startup/startup_stm32f407vgtx.o
 .debug_rnglists
                0x000002a6       0xaf ./Drivers/STM32F4xx_HAL_Driver/Src/stm32f4xx_hal.o
 .debug_rnglists
                0x00000355       0xe0 ./Drivers/STM32F4xx_HAL_Driver/Src/stm32f4xx_hal_cortex.o
 .debug_rnglists
                0x00000435       0x70 ./Drivers/STM32F4xx_HAL_Driver/Src/stm32f4xx_hal_dma.o
 .debug_rnglists
                0x000004a5       0x3f ./Drivers/STM32F4xx_HAL_Driver/Src/stm32f4xx_hal_gpio.o
 .debug_rnglists
                0x000004e4      0x23c ./Drivers/STM32F4xx_HAL_Driver/Src/stm32f4xx_hal_i2c.o
 .debug_rnglists
                0x00000720       0x66 ./Drivers/STM32F4xx_HAL_Driver/Src/stm32f4xx_hal_rcc.o
 .debug_rnglists
                0x00000786      0x31a ./Drivers/STM32F4xx_HAL_Driver/Src/stm32f4xx_hal_tim.o
 .debug_rnglists
                0x00000aa0      0x125 ./Drivers/STM32F4xx_HAL_Driver/Src/stm32f4xx_hal_tim_ex.o
 .debug_rnglists
                0x00000bc5      0x1bc ./Drivers/STM32F4xx_HAL_Driver/Src/stm32f4xx_hal_uart.o
 .debug_rnglists
                0x00000d81      0x16a ./Middlewares/Third_Party/FreeRTOS/Source/CMSIS_RTOS/cmsis_os.o
 .debug_rnglists
                0x00000eeb       0x2b ./Middlewares/Third_Party/FreeRTOS/Source/list.o
 .debug_rnglists
                0x00000f16       0xcd ./Middlewares/Third_Party/FreeRTOS/Source/queue.o
 .debug_rnglists
                0x00000fe3      0x15f ./Middlewares/Third_Party/FreeRTOS/Source/tasks.o
 .debug_rnglists
                0x00001142       0x5d ./Middlewares/Third_Party/FreeRTOS/Source/portable/GCC/ARM_CM4F/port.o
 .debug_rnglists
                0x0000119f       0x42 ./Middlewares/Third_Party/FreeRTOS/Source/portable/MemMang/heap_4.o

.debug_macro    0x00000000    0x26d0d
 .debug_macro   0x00000000      0x41c ./Core/Src/Map_robot.o
 .debug_macro   0x0000041c      0xb8c ./Core/Src/Map_robot.o
 .debug_macro   0x00000fa8      0x1d6 ./Core/Src/Map_robot.o
 .debug_macro   0x0000117e       0x10 ./Core/Src/Map_robot.o
 .debug_macro   0x0000118e      0x417 ./Core/Src/Map_robot.o
 .debug_macro   0x000015a5       0x1c ./Core/Src/Map_robot.o
 .debug_macro   0x000015c1       0x22 ./Core/Src/Map_robot.o