../Core/Src/driver.c:29:6:Motor_Init	16	static
../Core/Src/driver.c:35:6:Motor_SetSpeed	16	static
../Core/Src/driver.c:54:9:get_encoder	32	static
../Core/Src/driver.c:68:9:constrains	24	static
../Core/Src/driver.c:74:8:fConstrain	32	static
../Core/Src/driver.c:80:6:Soft_start	16	static
../Core/Src/driver.c:90:6:Soft_end	16	static
../Core/Src/driver.c:103:5:pid_cal	64	static
../Core/Src/driver.c:113:6:rundc0	16	static
../Core/Src/driver.c:115:6:rundc1	16	static
../Core/Src/driver.c:117:6:rundc2	16	static
../Core/Src/driver.c:119:6:rundc3	16	static
../Core/Src/driver.c:122:6:move	88	static
../Core/Src/driver.c:143:6:ps3_move	4	static
../Core/Src/driver.c:147:6:tien	16	static
../Core/Src/driver.c:153:6:lui	16	static
../Core/Src/driver.c:159:6:trai	16	static
../Core/Src/driver.c:165:6:phai	16	static
../Core/Src/driver.c:171:6:xoayphai	16	static
../Core/Src/driver.c:177:6:xoaytrai	16	static
../Core/Src/driver.c:183:6:ps3_ctrl	8	static
