../Core/Src/main.c:84:5:main	8	static
../Core/Src/main.c:142:6:SystemClock_Config	88	static
../Core/Src/main.c:184:13:MX_TIM1_Init	56	static
../Core/Src/main.c:234:13:MX_TIM2_Init	56	static
../Core/Src/main.c:283:13:MX_TIM3_Init	56	static
../Core/Src/main.c:332:13:MX_TIM4_Init	56	static
../Core/Src/main.c:381:13:MX_TIM5_Init	64	static
../Core/Src/main.c:452:13:MX_TIM8_Init	96	static
../Core/Src/main.c:539:13:MX_TIM9_Init	56	static
../Core/Src/main.c:595:13:MX_UART4_Init	8	static
../Core/Src/main.c:628:13:MX_UART5_Init	8	static
../Core/Src/main.c:661:13:MX_GPIO_Init	56	static
../Core/Src/main.c:707:6:Error_Handler	4	static,ignoring_inline_asm
